Archive member included because of file (symbol)

/opt/stm32/arm-none-eabi-2011.03/bin/../lib/gcc/arm-none-eabi/4.5.2/../../../../arm-none-eabi/lib/thumb2/libc.a(lib_a-strcasecmp.o)
                              build/obj/shell.o (strcasecmp)
/opt/stm32/arm-none-eabi-2011.03/bin/../lib/gcc/arm-none-eabi/4.5.2/../../../../arm-none-eabi/lib/thumb2/libc.a(lib_a-strchr.o)
                              build/obj/shell.o (strchr)
/opt/stm32/arm-none-eabi-2011.03/bin/../lib/gcc/arm-none-eabi/4.5.2/../../../../arm-none-eabi/lib/thumb2/libc.a(lib_a-strspn.o)
                              build/obj/shell.o (strspn)
/opt/stm32/arm-none-eabi-2011.03/bin/../lib/gcc/arm-none-eabi/4.5.2/../../../../arm-none-eabi/lib/thumb2/libc.a(lib_a-ctype_.o)
                              /opt/stm32/arm-none-eabi-2011.03/bin/../lib/gcc/arm-none-eabi/4.5.2/../../../../arm-none-eabi/lib/thumb2/libc.a(lib_a-strcasecmp.o) (__ctype_ptr__)

Discarded input sections

 .text          0x00000000        0x0 build/obj/crt0.o
 .data          0x00000000        0x0 build/obj/crt0.o
 .bss           0x00000000        0x0 build/obj/crt0.o
 .text.__early_init
                0x00000000       0x10 build/obj/crt0.o
 .text          0x00000000        0x0 build/obj/vectors.o
 .data          0x00000000        0x0 build/obj/vectors.o
 .bss           0x00000000        0x0 build/obj/vectors.o
 .text          0x00000000        0x0 build/obj/chcore.o
 .data          0x00000000        0x0 build/obj/chcore.o
 .bss           0x00000000        0x0 build/obj/chcore.o
 .text.port_halt
                0x00000000       0x10 build/obj/chcore.o
 .text          0x00000000        0x0 build/obj/chcore_v7m.o
 .data          0x00000000        0x0 build/obj/chcore_v7m.o
 .bss           0x00000000        0x0 build/obj/chcore_v7m.o
 .text          0x00000000        0x0 build/obj/nvic.o
 .data          0x00000000        0x0 build/obj/nvic.o
 .bss           0x00000000        0x0 build/obj/nvic.o
 .text.nvicDisableVector
                0x00000000       0x40 build/obj/nvic.o
 .text          0x00000000        0x0 build/obj/chsys.o
 .data          0x00000000        0x0 build/obj/chsys.o
 .bss           0x00000000        0x0 build/obj/chsys.o
 .text          0x00000000        0x0 build/obj/chdebug.o
 .data          0x00000000        0x0 build/obj/chdebug.o
 .bss           0x00000000        0x0 build/obj/chdebug.o
 .text          0x00000000        0x0 build/obj/chlists.o
 .data          0x00000000        0x0 build/obj/chlists.o
 .bss           0x00000000        0x0 build/obj/chlists.o
 .text          0x00000000        0x0 build/obj/chvt.o
 .data          0x00000000        0x0 build/obj/chvt.o
 .bss           0x00000000        0x0 build/obj/chvt.o
 .text.chTimeIsWithin
                0x00000000       0x30 build/obj/chvt.o
 .text          0x00000000        0x0 build/obj/chschd.o
 .data          0x00000000        0x0 build/obj/chschd.o
 .bss           0x00000000        0x0 build/obj/chschd.o
 .text          0x00000000        0x0 build/obj/chthreads.o
 .data          0x00000000        0x0 build/obj/chthreads.o
 .bss           0x00000000        0x0 build/obj/chthreads.o
 .text.chThdSetPriority
                0x00000000       0x30 build/obj/chthreads.o
 .text.chThdResume
                0x00000000       0x20 build/obj/chthreads.o
 .text.chThdTerminate
                0x00000000       0x20 build/obj/chthreads.o
 .text.chThdSleepUntil
                0x00000000       0x30 build/obj/chthreads.o
 .text.chThdYield
                0x00000000       0x30 build/obj/chthreads.o
 .text.chThdWait
                0x00000000       0x40 build/obj/chthreads.o
 .text          0x00000000        0x0 build/obj/chdynamic.o
 .data          0x00000000        0x0 build/obj/chdynamic.o
 .bss           0x00000000        0x0 build/obj/chdynamic.o
 .text.chThdAddRef
                0x00000000       0x20 build/obj/chdynamic.o
 .text.chThdRelease
                0x00000000       0x50 build/obj/chdynamic.o
 .text.chThdCreateFromMemoryPool
                0x00000000       0x50 build/obj/chdynamic.o
 .text          0x00000000        0x0 build/obj/chregistry.o
 .data          0x00000000        0x0 build/obj/chregistry.o
 .bss           0x00000000        0x0 build/obj/chregistry.o
 .text.chRegFirstThread
                0x00000000       0x20 build/obj/chregistry.o
 .text.chRegNextThread
                0x00000000       0x40 build/obj/chregistry.o
 .text          0x00000000        0x0 build/obj/chsem.o
 .data          0x00000000        0x0 build/obj/chsem.o
 .bss           0x00000000        0x0 build/obj/chsem.o
 .text.chSemInit
                0x00000000       0x10 build/obj/chsem.o
 .text.chSemResetI
                0x00000000       0x70 build/obj/chsem.o
 .text.chSemReset
                0x00000000       0x20 build/obj/chsem.o
 .text.chSemWaitS
                0x00000000       0x40 build/obj/chsem.o
 .text.chSemWait
                0x00000000       0x20 build/obj/chsem.o
 .text.chSemWaitTimeoutS
[...]
Memory Configuration

Name             Origin             Length             Attributes
flash            0x08000000         0x00100000
ram              0x20000000         0x0001c000
ethram           0x2001c000         0x00004000
ccmram           0x10000000         0x00010000
*default*        0x00000000         0xffffffff

Linker script and memory map

LOAD build/obj/crt0.o
LOAD build/obj/vectors.o
LOAD build/obj/chcore.o
LOAD build/obj/chcore_v7m.o
LOAD build/obj/nvic.o
LOAD build/obj/chsys.o
LOAD build/obj/chdebug.o
LOAD build/obj/chlists.o
LOAD build/obj/chvt.o
LOAD build/obj/chschd.o
LOAD build/obj/chthreads.o
LOAD build/obj/chdynamic.o
LOAD build/obj/chregistry.o
LOAD build/obj/chsem.o
LOAD build/obj/chmtx.o
LOAD build/obj/chcond.o
LOAD build/obj/chevents.o
LOAD build/obj/chmsg.o
LOAD build/obj/chmboxes.o
LOAD build/obj/chqueues.o
LOAD build/obj/chmemcore.o
LOAD build/obj/chheap.o
LOAD build/obj/chmempools.o
LOAD build/obj/test.o
LOAD build/obj/testthd.o
LOAD build/obj/testsem.o
LOAD build/obj/testmtx.o
LOAD build/obj/testmsg.o
LOAD build/obj/testmbox.o
LOAD build/obj/testevt.o
LOAD build/obj/testheap.o
LOAD build/obj/testpools.o
LOAD build/obj/testdyn.o
LOAD build/obj/testqueues.o
LOAD build/obj/testbmk.o
LOAD build/obj/hal.o
LOAD build/obj/adc.o
LOAD build/obj/can.o
LOAD build/obj/ext.o
LOAD build/obj/gpt.o
LOAD build/obj/i2c.o
LOAD build/obj/icu.o
LOAD build/obj/mac.o
LOAD build/obj/pal.o
LOAD build/obj/pwm.o
LOAD build/obj/sdc.o
LOAD build/obj/serial.o
LOAD build/obj/spi.o
LOAD build/obj/uart.o
LOAD build/obj/usb.o
LOAD build/obj/tm.o
LOAD build/obj/mmc_spi.o
LOAD build/obj/serial_usb.o
LOAD build/obj/rtc.o
LOAD build/obj/stm32_dma.o
LOAD build/obj/hal_lld.o
LOAD build/obj/adc_lld.o
LOAD build/obj/ext_lld.o
LOAD build/obj/gpt_lld.o
LOAD build/obj/i2c_lld.o
LOAD build/obj/icu_lld.o
LOAD build/obj/pwm_lld.o
LOAD build/obj/serial_lld.o
LOAD build/obj/spi_lld.o
LOAD build/obj/uart_lld.o
LOAD build/obj/pal_lld.o
LOAD build/obj/board.o
LOAD build/obj/lis302dl.o
LOAD build/obj/chprintf.o
LOAD build/obj/shell.o
LOAD build/obj/main.o
START GROUP
LOAD /opt/stm32/arm-none-eabi-2011.03/bin/../lib/gcc/arm-none-eabi/4.5.2/thumb2/libgcc.a
LOAD /opt/stm32/arm-none-eabi-2011.03/bin/../lib/gcc/arm-none-eabi/4.5.2/../../../../arm-none-eabi/lib/thumb2/libc.a
END GROUP
                0x00000400                __main_stack_size__ = 0x400
                0x00000400                __process_stack_size__ = 0x400
                0x20000000                __ram_start__ = 0x20000000
                0x0001c000                __ram_size__ = 0x1c000
                0x2001c000                __ram_end__ = (__ram_start__ + __ram_size__)
                0x00000000                . = 0x0
                0x00000000                _text = .

startup         0x08000000      0x188
 *(vectors)
 vectors        0x08000000      0x188 build/obj/vectors.o
                0x08000000                _vectors

constructors    0x08000188        0x0
                0x08000188                PROVIDE (__init_array_start, .)
 *(SORT(.init_array.*))
 *(.init_array)
                0x08000188                PROVIDE (__init_array_end, .)

destructors     0x08000188        0x0
                0x08000188                PROVIDE (__fini_array_start, .)
 *(.fini_array)
 *(SORT(.fini_array.*))
                0x08000188                PROVIDE (__fini_array_end, .)

.text           0x08000190     0x3168
 *(.text.startup.*)
 *(.text)
 .text          0x08000190       0x48 /opt/stm32/arm-none-eabi-2011.03/bin/../lib/gcc/arm-none-eabi/4.5.2/../../../../arm-none-eabi/lib/thumb2/libc.a(lib_a-strcasecmp.o)
                0x08000190                strcasecmp
 *fill*         0x080001d8        0x8 00
 .text          0x080001e0      0x10c /opt/stm32/arm-none-eabi-2011.03/bin/../lib/gcc/arm-none-eabi/4.5.2/../../../../arm-none-eabi/lib/thumb2/libc.a(lib_a-strchr.o)
                0x080001e0                strchr
 *fill*         0x080002ec        0x4 00
 .text          0x080002f0       0x38 /opt/stm32/arm-none-eabi-2011.03/bin/../lib/gcc/arm-none-eabi/4.5.2/../../../../arm-none-eabi/lib/thumb2/libc.a(lib_a-strspn.o)
                0x080002f0                strspn
 *(.text.*)
 *fill*         0x08000328        0x8 00
 .text.__late_init
                0x08000330       0x10 build/obj/crt0.o
                0x08000330                __late_init
 .text._default_exit
                0x08000340       0x10 build/obj/crt0.o
                0x08000340                _default_exit
 .text.ResetHandler
                0x08000350      0x1d0 build/obj/crt0.o
                0x08000350                ResetHandler
 .text._unhandled_exception
                0x08000520       0x10 build/obj/vectors.o
                0x08000520                Vector58
                0x08000520                VectorE8
                0x08000520                Vector9C
                0x08000520                VectorAC
                0x08000520                Vector5C
                0x08000520                NMIVector
                0x08000520                Vector11C
                0x08000520                Vector8C
                0x08000520                Vector168
                0x08000520                Vector110
                0x08000520                VectorC8
                0x08000520                Vector94
                0x08000520                VectorA8
                0x08000520                VectorB4
                0x08000520                Vector160
                0x08000520                VectorEC
                0x08000520                UsageFaultVector
                0x08000520                DebugMonitorVector
                0x08000520                Vector40
                0x08000520                VectorF8
                0x08000520                Vector108
                0x08000520                VectorBC
                0x08000520                Vector148
                0x08000520                PendSVVector
                0x08000520                Vector118
                0x08000520                Vector64
                0x08000520                VectorCC
                0x08000520                Vector54
                0x08000520                Vector98
                0x08000520                Vector138
                0x08000520                Vector24
                0x08000520                Vector178
                0x08000520                BusFaultVector
                0x08000520                VectorD0
                0x08000520                Vector140
                0x08000520                VectorE4
                0x08000520                VectorC0
                0x08000520                HardFaultVector
                0x08000520                Vector134
                0x08000520                VectorF0
                0x08000520                Vector13C
                0x08000520                Vector100
                0x08000520                VectorE0
                0x08000520                VectorF4
                0x08000520                MemManageVector
                0x08000520                VectorA0
                0x08000520                VectorC4
                0x08000520                Vector180
                0x08000520                VectorB0
                0x08000520                Vector90
                0x08000520                Vector114
                0x08000520                Vector164
                0x08000520                Vector60
                0x08000520                Vector1C
                0x08000520                Vector17C
                0x08000520                Vector48
                0x08000520                Vector16C
                0x08000520                Vector4C
                0x08000520                Vector144
                0x08000520                Vector68
                0x08000520                _unhandled_exception
                0x08000520                Vector170
                0x08000520                Vector104
                0x08000520                Vector184
                0x08000520                Vector10C
                0x08000520                Vector14C
                0x08000520                Vector50
                0x08000520                Vector44
                0x08000520                Vector28
                0x08000520                Vector34
                0x08000520                VectorA4
                0x08000520                Vector20
                0x08000520                Vector174
 .text._port_switch_from_isr
                0x08000530       0x10 build/obj/chcore_v7m.o
                0x08000530                _port_switch_from_isr
 .text.SVCallVector
                0x08000540       0x20 build/obj/chcore_v7m.o
                0x08000540                SVCallVector
 .text._port_init
                0x08000560       0x40 build/obj/chcore_v7m.o
                0x08000560                _port_init
 .text._port_irq_epilogue
                0x080005a0       0x70 build/obj/chcore_v7m.o
                0x080005a0                _port_irq_epilogue
 .text.SysTickVector
                0x08000610       0x20 build/obj/chcore_v7m.o
                0x08000610                SysTickVector
 .text._port_switch
                0x08000630       0x10 build/obj/chcore_v7m.o
                0x08000630                _port_switch
 .text._port_thread_start
                0x08000640       0x10 build/obj/chcore_v7m.o
                0x08000640                _port_thread_start
 .text.nvicEnableVector
                0x08000650       0x50 build/obj/nvic.o
                0x08000650                nvicEnableVector
 .text.nvicSetSystemHandlerPriority
                0x080006a0       0x30 build/obj/nvic.o
                0x080006a0                nvicSetSystemHandlerPriority
 .text._idle_thread
                0x080006d0       0x20 build/obj/chsys.o
                0x080006d0                _idle_thread
 .text.chSysInit
                0x080006f0       0x60 build/obj/chsys.o
                0x080006f0                chSysInit
 .text.chSysTimerHandlerI
                0x08000750       0x50 build/obj/chsys.o
                0x08000750                chSysTimerHandlerI
 .text._vt_init
                0x080007a0       0x20 build/obj/chvt.o
                0x080007a0                _vt_init
 .text.chVTSetI
                0x080007c0       0x40 build/obj/chvt.o
                0x080007c0                chVTSetI
 .text.chVTResetI
                0x08000800       0x30 build/obj/chvt.o
                0x08000800                chVTResetI
 .text.wakeup   0x08000830       0x50 build/obj/chschd.o
 .text._scheduler_init
                0x08000880       0x20 build/obj/chschd.o
                0x08000880                _scheduler_init
 .text.chSchReadyI
                0x080008a0       0x20 build/obj/chschd.o
                0x080008a0                chSchReadyI
 .text.chSchGoSleepS
                0x080008c0       0x30 build/obj/chschd.o
                0x080008c0                chSchGoSleepS
 .text.chSchGoSleepTimeoutS
                0x080008f0       0x40 build/obj/chschd.o
                0x080008f0                chSchGoSleepTimeoutS
 .text.chSchWakeupS
                0x08000930       0x60 build/obj/chschd.o
                0x08000930                chSchWakeupS
 .text.chSchDoReschedule
                0x08000990       0x40 build/obj/chschd.o
                0x08000990                chSchDoReschedule
 .text.chSchRescheduleS
                0x080009d0       0x20 build/obj/chschd.o
                0x080009d0                chSchRescheduleS
 .text._thread_init
                0x080009f0       0x40 build/obj/chthreads.o
                0x080009f0                _thread_init
 .text.chThdCreateI
                0x08000a30       0x50 build/obj/chthreads.o
                0x08000a30                chThdCreateI
 .text.chThdCreateStatic
                0x08000a80       0x30 build/obj/chthreads.o
                0x08000a80                chThdCreateStatic
 .text.chThdSleep
                0x08000ab0       0x20 build/obj/chthreads.o
                0x08000ab0                chThdSleep
 .text.chThdExitS
                0x08000ad0       0x40 build/obj/chthreads.o
                0x08000ad0                chThdExitS
 .text.chThdExit
                0x08000b10       0x10 build/obj/chthreads.o
                0x08000b10                chThdExit
 .text.chThdCreateFromHeap
                0x08000b20       0x40 build/obj/chdynamic.o
                0x08000b20                chThdCreateFromHeap
 .text.chMtxInit
                0x08000b60       0x10 build/obj/chmtx.o
                0x08000b60                chMtxInit
 .text.chMtxLockS
                0x08000b70       0xd0 build/obj/chmtx.o
                0x08000b70                chMtxLockS
 .text.chMtxLock
                0x08000c40       0x20 build/obj/chmtx.o
                0x08000c40                chMtxLock
 .text.chMtxUnlock
                0x08000c60       0x70 build/obj/chmtx.o
                0x08000c60                chMtxUnlock
 .text.chEvtRegisterMask
                0x08000cd0       0x30 build/obj/chevents.o
                0x08000cd0                chEvtRegisterMask
 .text.chEvtClearFlags
                0x08000d00       0x20 build/obj/chevents.o
                0x08000d00                chEvtClearFlags
 .text.chEvtSignalFlagsI
                0x08000d20       0x40 build/obj/chevents.o
                0x08000d20                chEvtSignalFlagsI
 .text.chEvtSignalFlags
                0x08000d60       0x20 build/obj/chevents.o
                0x08000d60                chEvtSignalFlags
 .text.chEvtBroadcastFlagsI
                0x08000d80       0x20 build/obj/chevents.o
                0x08000d80                chEvtBroadcastFlagsI
 .text.chEvtBroadcastFlags
                0x08000da0       0x20 build/obj/chevents.o
                0x08000da0                chEvtBroadcastFlags
 .text.chEvtWaitAnyTimeout
                0x08000dc0       0x50 build/obj/chevents.o
                0x08000dc0                chEvtWaitAnyTimeout
 .text.qwait    0x08000e10       0x30 build/obj/chqueues.o
 .text.chIQInit
                0x08000e40       0x20 build/obj/chqueues.o
                0x08000e40                chIQInit
 .text.chIQPutI
                0x08000e60       0x50 build/obj/chqueues.o
                0x08000e60                chIQPutI
 .text.chIQGetTimeout
                0x08000eb0       0x50 build/obj/chqueues.o
                0x08000eb0                chIQGetTimeout
 .text.chIQReadTimeout
                0x08000f00       0x80 build/obj/chqueues.o
                0x08000f00                chIQReadTimeout
 .text.chOQInit
                0x08000f80       0x20 build/obj/chqueues.o
                0x08000f80                chOQInit
 .text.chOQPutTimeout
                0x08000fa0       0x50 build/obj/chqueues.o
                0x08000fa0                chOQPutTimeout
 .text.chOQGetI
                0x08000ff0       0x50 build/obj/chqueues.o
                0x08000ff0                chOQGetI
 .text.chOQWriteTimeout
                0x08001040       0x80 build/obj/chqueues.o
                0x08001040                chOQWriteTimeout
 .text._core_init
                0x080010c0       0x30 build/obj/chmemcore.o
                0x080010c0                _core_init
 .text.chCoreAlloc
                0x080010f0       0x40 build/obj/chmemcore.o
                0x080010f0                chCoreAlloc
 .text._heap_init
                0x08001130       0x20 build/obj/chheap.o
                0x08001130                _heap_init
 .text.chHeapAlloc
                0x08001150       0x90 build/obj/chheap.o
                0x08001150                chHeapAlloc
 .text.halInit  0x080011e0       0x30 build/obj/hal.o
                0x080011e0                halInit
 .text.adcInit  0x08001210       0x10 build/obj/adc.o
                0x08001210                adcInit
 .text.adcObjectInit
                0x08001220       0x20 build/obj/adc.o
                0x08001220                adcObjectInit
 .text.pwmInit  0x08001240       0x10 build/obj/pwm.o
                0x08001240                pwmInit
 .text.pwmObjectInit
                0x08001250       0x10 build/obj/pwm.o
                0x08001250                pwmObjectInit
 .text.putwouldblock
                0x08001260       0x10 build/obj/serial.o
 .text.getwouldblock
                0x08001270       0x10 build/obj/serial.o
 .text.getflags
                0x08001280       0x20 build/obj/serial.o
 .text.readt    0x080012a0       0x10 build/obj/serial.o
 .text.reads    0x080012b0       0x10 build/obj/serial.o
 .text.writet   0x080012c0       0x10 build/obj/serial.o
 .text.writes   0x080012d0       0x10 build/obj/serial.o
 .text.gett     0x080012e0       0x10 build/obj/serial.o
 .text.putt     0x080012f0       0x10 build/obj/serial.o
 .text.sdInit   0x08001300       0x10 build/obj/serial.o
                0x08001300                sdInit
 .text.sdObjectInit
                0x08001310       0x40 build/obj/serial.o
                0x08001310                sdObjectInit
 .text.sdStart  0x08001350       0x20 build/obj/serial.o
                0x08001350                sdStart
 .text.sdIncomingDataI
                0x08001370       0x50 build/obj/serial.o
                0x08001370                sdIncomingDataI
 .text.spiInit  0x080013c0       0x10 build/obj/spi.o
                0x080013c0                spiInit
 .text.spiObjectInit
                0x080013d0       0x10 build/obj/spi.o
                0x080013d0                spiObjectInit
 .text.Vector6C
                0x080013e0       0x30 build/obj/stm32_dma.o
                0x080013e0                Vector6C
 .text.Vector70
                0x08001410       0x30 build/obj/stm32_dma.o
                0x08001410                Vector70
 .text.Vector74
                0x08001440       0x30 build/obj/stm32_dma.o
                0x08001440                Vector74
 .text.Vector78
                0x08001470       0x30 build/obj/stm32_dma.o
                0x08001470                Vector78
 .text.Vector7C
                0x080014a0       0x30 build/obj/stm32_dma.o
                0x080014a0                Vector7C
 .text.Vector80
                0x080014d0       0x30 build/obj/stm32_dma.o
                0x080014d0                Vector80
 .text.Vector84
                0x08001500       0x30 build/obj/stm32_dma.o
                0x08001500                Vector84
 .text.VectorFC
                0x08001530       0x30 build/obj/stm32_dma.o
                0x08001530                VectorFC
 .text.Vector120
                0x08001560       0x30 build/obj/stm32_dma.o
                0x08001560                Vector120
 .text.Vector124
                0x08001590       0x30 build/obj/stm32_dma.o
                0x08001590                Vector124
 .text.Vector128
                0x080015c0       0x30 build/obj/stm32_dma.o
                0x080015c0                Vector128
 .text.Vector12C
                0x080015f0       0x30 build/obj/stm32_dma.o
                0x080015f0                Vector12C
 .text.Vector130
                0x08001620       0x30 build/obj/stm32_dma.o
                0x08001620                Vector130
 .text.Vector150
                0x08001650       0x30 build/obj/stm32_dma.o
                0x08001650                Vector150
 .text.Vector154
                0x08001680       0x30 build/obj/stm32_dma.o
                0x08001680                Vector154
 .text.Vector158
                0x080016b0       0x30 build/obj/stm32_dma.o
                0x080016b0                Vector158
 .text.dmaInit  0x080016e0       0xc0 build/obj/stm32_dma.o
                0x080016e0                dmaInit
 .text.hal_lld_init
                0x080017a0       0xb0 build/obj/hal_lld.o
                0x080017a0                hal_lld_init
 .text.stm32_clock_init
                0x08001850       0xc0 build/obj/hal_lld.o
                0x08001850                stm32_clock_init
 .text.adc_lld_init
                0x08001910       0x90 build/obj/adc_lld.o
                0x08001910                adc_lld_init
 .text.adc_lld_stop_conversion
                0x080019a0       0x30 build/obj/adc_lld.o
                0x080019a0                adc_lld_stop_conversion
 .text.Vector88
                0x080019d0      0x160 build/obj/adc_lld.o
                0x080019d0                Vector88
 .text.VectorB8
                0x08001b30       0x70 build/obj/pwm_lld.o
                0x08001b30                VectorB8
 .text.pwm_lld_init
                0x08001ba0       0x20 build/obj/pwm_lld.o
                0x08001ba0                pwm_lld_init
 .text.notify1  0x08001bc0       0x20 build/obj/serial_lld.o
 .text.notify2  0x08001be0       0x20 build/obj/serial_lld.o
 .text.notify3  0x08001c00       0x20 build/obj/serial_lld.o
 .text.notify6  0x08001c20       0x20 build/obj/serial_lld.o
 .text.serve_interrupt
                0x08001c40      0x130 build/obj/serial_lld.o
 .text.VectorD4
                0x08001d70       0x20 build/obj/serial_lld.o
                0x08001d70                VectorD4
 .text.VectorD8
                0x08001d90       0x20 build/obj/serial_lld.o
                0x08001d90                VectorD8
 .text.VectorDC
                0x08001db0       0x20 build/obj/serial_lld.o
                0x08001db0                VectorDC
 .text.Vector15C
                0x08001dd0       0x20 build/obj/serial_lld.o
                0x08001dd0                Vector15C
 .text.sd_lld_init
                0x08001df0       0x80 build/obj/serial_lld.o
                0x08001df0                sd_lld_init
 .text.sd_lld_start
                0x08001e70       0xf0 build/obj/serial_lld.o
                0x08001e70                sd_lld_start
 .text.spi_lld_init
                0x08001f60       0x70 build/obj/spi_lld.o
                0x08001f60                spi_lld_init
 .text._pal_lld_init
                0x08001fd0      0x200 build/obj/pal_lld.o
                0x08001fd0                _pal_lld_init
 .text.__early_init
                0x080021d0       0x10 build/obj/board.o
                0x080021d0                __early_init
 .text.boardInit
                0x080021e0       0x10 build/obj/board.o
                0x080021e0                boardInit
 .text.ltoa     0x080021f0       0x70 build/obj/chprintf.o
 .text.chprintf
                0x08002260      0x3b0 build/obj/chprintf.o
                0x08002260                chprintf
 .text.cmd_systime
                0x08002610       0x30 build/obj/shell.o
 .text.cmd_info
                0x08002640       0xc0 build/obj/shell.o
 .text.list_commands
                0x08002700       0x20 build/obj/shell.o
 .text.cmdexec  0x08002720       0x50 build/obj/shell.o
 .text._strtok.clone.0
                0x08002770       0x50 build/obj/shell.o
 .text.shellInit
                0x080027c0       0x10 build/obj/shell.o
                0x080027c0                shellInit
 .text.shellCreate
                0x080027d0       0x20 build/obj/shell.o
                0x080027d0                shellCreate
 .text.shellGetLine
                0x080027f0       0xb0 build/obj/shell.o
                0x080027f0                shellGetLine
 .text.shell_thread
                0x080028a0      0x1e0 build/obj/shell.o
 .text.cmd_status
                0x08002a80       0x10 build/obj/main.o
 .text.cmd_reset
                0x08002a90       0x10 build/obj/main.o
 .text.apricancelliThread
                0x08002aa0      0x130 build/obj/main.o
 .text.main     0x08002bd0       0xf0 build/obj/main.o
                0x08002bd0                main
 *(.rodata)
 .rodata        0x08002cc0        0x4 build/obj/shell.o
 *fill*         0x08002cc4        0xc 00
 .rodata        0x08002cd0      0x104 /opt/stm32/arm-none-eabi-2011.03/bin/../lib/gcc/arm-none-eabi/4.5.2/../../../../arm-none-eabi/lib/thumb2/libc.a(lib_a-ctype_.o)
                0x08002cd0                _ctype_
 *(.rodata.*)
 *fill*         0x08002dd4        0xc 00
 .rodata.str1.4
                0x08002de0        0xd build/obj/chsys.o
                                 0x10 (size before relaxing)
 *fill*         0x08002ded        0x3 00
 .rodata.vmt    0x08002df0       0x24 build/obj/serial.o
 *fill*         0x08002e14        0xc 00
 .rodata._stm32_dma_streams
                0x08002e20       0xc0 build/obj/stm32_dma.o
                0x08002e20                _stm32_dma_streams
 .rodata.default_config
                0x08002ee0        0xc build/obj/serial_lld.o
 *fill*         0x08002eec        0x4 00
 .rodata.pal_default_config
                0x08002ef0       0xfc build/obj/board.o
                0x08002ef0                pal_default_config
 *fill*         0x08002fec        0x4 00
 .rodata.str1.4
                0x08002ff0        0x7 build/obj/chprintf.o
                                  0x8 (size before relaxing)
 *fill*         0x08002ff7        0x9 00
 .rodata.str1.4
                0x08003000      0x1e5 build/obj/shell.o
                                0x1ec (size before relaxing)
 *fill*         0x080031e5        0xb 00
 .rodata.commands
                0x080031f0       0x18 build/obj/main.o
 *fill*         0x08003208        0x8 00
 .rodata.shellConfig
                0x08003210        0x8 build/obj/main.o
 *fill*         0x08003218        0x8 00
 .rodata.str1.4
                0x08003220       0xd8 build/obj/main.o
                                 0xe8 (size before relaxing)
 *(.glue_7t)
 .glue_7t       0x00000000        0x0 linker stubs
 *(.glue_7)
 .glue_7        0x00000000        0x0 linker stubs
 *(.gcc*)

.vfp11_veneer   0x080032f8        0x0
 .vfp11_veneer  0x00000000        0x0 linker stubs

.v4_bx          0x080032f8        0x0
 .v4_bx         0x00000000        0x0 linker stubs

.ARM.extab
 *(.ARM.extab* .gnu.linkonce.armextab.*)

.ARM.exidx      0x080032f8        0x0
                0x080032f8                PROVIDE (__exidx_start, .)
 *(.ARM.exidx* .gnu.linkonce.armexidx.*)
                0x080032f8                PROVIDE (__exidx_end, .)

.eh_frame_hdr
 *(.eh_frame_hdr)

.eh_frame
 *(.eh_frame)

.textalign      0x080032f8        0x0
                0x080032f8                . = ALIGN (0x8)
                0x080032f8                _etext = .
                0x080032f8                _textdata = _etext

.stacks         0x20000000      0x800
                0x20000000                . = ALIGN (0x8)
                0x20000000                __main_stack_base__ = .
                0x20000400                . = (. + __main_stack_size__)
 *fill*         0x20000000      0x400 00
                0x20000400                . = ALIGN (0x8)
                0x20000400                __main_stack_end__ = .
                0x20000400                __process_stack_base__ = .
                0x20000400                __main_thread_stack_base__ = .
                0x20000800                . = (. + __process_stack_size__)
 *fill*         0x20000400      0x400 00
                0x20000800                . = ALIGN (0x8)
                0x20000800                __process_stack_end__ = .
                0x20000800                __main_thread_stack_end__ = .

.data           0x20000800       0x1c load address 0x080032f8
                0x20000800                . = ALIGN (0x4)
                0x20000800                PROVIDE (_data, .)
 *(.data)
 .data          0x20000800        0x4 /opt/stm32/arm-none-eabi-2011.03/bin/../lib/gcc/arm-none-eabi/4.5.2/../../../../arm-none-eabi/lib/thumb2/libc.a(lib_a-ctype_.o)
                0x20000800                __ctype_ptr__
                0x20000804                . = ALIGN (0x4)
 *(.data.*)
 .data.local_commands
                0x20000804       0x18 build/obj/shell.o
                0x2000081c                . = ALIGN (0x4)
 *(.ramtext)
                0x2000081c                . = ALIGN (0x4)
                0x2000081c                PROVIDE (_edata, .)

.bss            0x20000820      0x5e0 load address 0x08003314
                0x20000820                . = ALIGN (0x4)
                0x20000820                PROVIDE (_bss_start, .)
 *(.bss)
                0x20000820                . = ALIGN (0x4)
 *(.bss.*)
 .bss.mainthread.4661
                0x20000820       0x48 build/obj/chsys.o
 .bss._idle_thread_wa
                0x20000868       0xb0 build/obj/chsys.o
                0x20000868                _idle_thread_wa
 .bss.vtlist    0x20000918       0x10 build/obj/chvt.o
                0x20000918                vtlist
 .bss.rlist     0x20000928       0x20 build/obj/chschd.o
                0x20000928                rlist
 .bss.endmem    0x20000948        0x4 build/obj/chmemcore.o
 .bss.nextmem   0x2000094c        0x4 build/obj/chmemcore.o
 .bss.default_heap
                0x20000950       0x20 build/obj/chheap.o
 .bss.dma_isr_redir
                0x20000970       0x80 build/obj/stm32_dma.o
 .bss.dma_streams_mask
                0x200009f0        0x4 build/obj/stm32_dma.o
 .bss.ADCD1     0x200009f4       0x34 build/obj/adc_lld.o
                0x200009f4                ADCD1
 .bss.ADCD2     0x20000a28       0x34 build/obj/adc_lld.o
                0x20000a28                ADCD2
 .bss.ADCD3     0x20000a5c       0x34 build/obj/adc_lld.o
                0x20000a5c                ADCD3
 .bss.PWMD4     0x20000a90       0x14 build/obj/pwm_lld.o
                0x20000a90                PWMD4
 .bss.SD1       0x20000aa4       0x74 build/obj/serial_lld.o
                0x20000aa4                SD1
 .bss.SD2       0x20000b18       0x74 build/obj/serial_lld.o
                0x20000b18                SD2
 .bss.SD3       0x20000b8c       0x74 build/obj/serial_lld.o
                0x20000b8c                SD3
 .bss.SD6       0x20000c00       0x74 build/obj/serial_lld.o
                0x20000c00                SD6
 .bss.dummytx   0x20000c74        0x2 build/obj/spi_lld.o
 *fill*         0x20000c76        0x2 00
 .bss.SPID1     0x20000c78       0x30 build/obj/spi_lld.o
                0x20000c78                SPID1
 .bss.SPID2     0x20000ca8       0x30 build/obj/spi_lld.o
                0x20000ca8                SPID2
 .bss.shell_terminated
                0x20000cd8        0x4 build/obj/shell.o
                0x20000cd8                shell_terminated
 *fill*         0x20000cdc        0x4 00
 .bss.apricancelliWorkingArea
                0x20000ce0      0x120 build/obj/main.o
                0x20000e00                . = ALIGN (0x4)
 *(COMMON)
                0x20000e00                . = ALIGN (0x4)
                0x20000e00                PROVIDE (_bss_end, .)
                0x20000e00                PROVIDE (end, .)
                0x20000e00                _end = .
                0x20000e00                __heap_base__ = _end
                0x2001c000                __heap_end__ = __ram_end__
OUTPUT(build/ch.elf elf32-littlearm)

.debug_abbrev   0x00000000     0x64dc
 .debug_abbrev  0x00000000      0x121 build/obj/crt0.o
 .debug_abbrev  0x00000121       0x74 build/obj/vectors.o
 .debug_abbrev  0x00000195       0x41 build/obj/chcore.o
 .debug_abbrev  0x000001d6      0x1b4 build/obj/chcore_v7m.o
 .debug_abbrev  0x0000038a       0xfb build/obj/nvic.o
 .debug_abbrev  0x00000485      0x17c build/obj/chsys.o
 .debug_abbrev  0x00000601       0x2a build/obj/chdebug.o
 .debug_abbrev  0x0000062b       0x2a build/obj/chlists.o
 .debug_abbrev  0x00000655      0x163 build/obj/chvt.o
 .debug_abbrev  0x000007b8      0x291 build/obj/chschd.o
 .debug_abbrev  0x00000a49      0x2d0 build/obj/chthreads.o
 .debug_abbrev  0x00000d19      0x19f build/obj/chdynamic.o
 .debug_abbrev  0x00000eb8      0x152 build/obj/chregistry.o
 .debug_abbrev  0x0000100a      0x27b build/obj/chsem.o
 .debug_abbrev  0x00001285      0x29f build/obj/chmtx.o
 .debug_abbrev  0x00001524      0x255 build/obj/chcond.o
 .debug_abbrev  0x00001779      0x1e5 build/obj/chevents.o
 .debug_abbrev  0x0000195e      0x1b4 build/obj/chmsg.o
 .debug_abbrev  0x00001b12      0x1d8 build/obj/chmboxes.o
 .debug_abbrev  0x00001cea      0x2a0 build/obj/chqueues.o
 .debug_abbrev  0x00001f8a      0x169 build/obj/chmemcore.o
 .debug_abbrev  0x000020f3      0x1c9 build/obj/chheap.o
 .debug_abbrev  0x000022bc      0x1e6 build/obj/chmempools.o
 .debug_abbrev  0x000024a2      0x3f0 build/obj/test.o
 .debug_abbrev  0x00002892      0x1ba build/obj/testthd.o
 .debug_abbrev  0x00002a4c      0x248 build/obj/testsem.o
 .debug_abbrev  0x00002c94      0x294 build/obj/testmtx.o
 .debug_abbrev  0x00002f28      0x164 build/obj/testmsg.o
 .debug_abbrev  0x0000308c      0x1b5 build/obj/testmbox.o
 .debug_abbrev  0x00003241      0x222 build/obj/testevt.o
 .debug_abbrev  0x00003463      0x19d build/obj/testheap.o
 .debug_abbrev  0x00003600      0x14a build/obj/testpools.o
 .debug_abbrev  0x0000374a      0x215 build/obj/testdyn.o
 .debug_abbrev  0x0000395f      0x210 build/obj/testqueues.o
 .debug_abbrev  0x00003b6f      0x2d1 build/obj/testbmk.o
 .debug_abbrev  0x00003e40       0x98 build/obj/hal.o
 .debug_abbrev  0x00003ed8      0x29b build/obj/adc.o
 .debug_abbrev  0x00004173       0x4f build/obj/can.o
 .debug_abbrev  0x000041c2       0x4f build/obj/ext.o
 .debug_abbrev  0x00004211       0x4f build/obj/gpt.o
 .debug_abbrev  0x00004260       0x4f build/obj/i2c.o
 .debug_abbrev  0x000042af       0x4f build/obj/icu.o
 .debug_abbrev  0x000042fe       0x4f build/obj/mac.o
 .debug_abbrev  0x0000434d      0x104 build/obj/pal.o
 .debug_abbrev  0x00004451      0x198 build/obj/pwm.o
 .debug_abbrev  0x000045e9       0x4f build/obj/sdc.o
 .debug_abbrev  0x00004638      0x228 build/obj/serial.o
 .debug_abbrev  0x00004860      0x243 build/obj/spi.o
 .debug_abbrev  0x00004aa3       0x4f build/obj/uart.o
 .debug_abbrev  0x00004af2       0x4f build/obj/usb.o
 .debug_abbrev  0x00004b41       0x4f build/obj/tm.o
 .debug_abbrev  0x00004b90       0x4f build/obj/mmc_spi.o
 .debug_abbrev  0x00004bdf       0x4f build/obj/serial_usb.o
 .debug_abbrev  0x00004c2e       0x4f build/obj/rtc.o
 .debug_abbrev  0x00004c7d      0x199 build/obj/stm32_dma.o
 .debug_abbrev  0x00004e16      0x108 build/obj/hal_lld.o
 .debug_abbrev  0x00004f1e      0x24e build/obj/adc_lld.o
 .debug_abbrev  0x0000516c       0x4f build/obj/ext_lld.o
 .debug_abbrev  0x000051bb       0x4f build/obj/gpt_lld.o
 .debug_abbrev  0x0000520a       0x4f build/obj/i2c_lld.o
 .debug_abbrev  0x00005259       0x4f build/obj/icu_lld.o
 .debug_abbrev  0x000052a8      0x20e build/obj/pwm_lld.o
 .debug_abbrev  0x000054b6      0x2fc build/obj/serial_lld.o
 .debug_abbrev  0x000057b2      0x285 build/obj/spi_lld.o
 .debug_abbrev  0x00005a37       0x4f build/obj/uart_lld.o
 .debug_abbrev  0x00005a86      0x19a build/obj/pal_lld.o
 .debug_abbrev  0x00005c20       0xa9 build/obj/board.o
 .debug_abbrev  0x00005cc9      0x1a5 build/obj/lis302dl.o
 .debug_abbrev  0x00005e6e      0x153 build/obj/chprintf.o
 .debug_abbrev  0x00005fc1      0x2f5 build/obj/shell.o
 .debug_abbrev  0x000062b6      0x226 build/obj/main.o

.debug_info     0x00000000    0x1b6d3
 .debug_info    0x00000000      0x374 build/obj/crt0.o
 .debug_info    0x00000374       0xb5 build/obj/vectors.o
 .debug_info    0x00000429       0x8b build/obj/chcore.o
 .debug_info    0x000004b4      0x7ed build/obj/chcore_v7m.o
 .debug_info    0x00000ca1      0x437 build/obj/nvic.o
 .debug_info    0x000010d8      0x64c build/obj/chsys.o
 .debug_info    0x00001724       0x73 build/obj/chdebug.o
 .debug_info    0x00001797       0x73 build/obj/chlists.o
 .debug_info    0x0000180a      0x27b build/obj/chvt.o
 .debug_info    0x00001a85      0x814 build/obj/chschd.o
 .debug_info    0x00002299      0xabd build/obj/chthreads.o
 .debug_info    0x00002d56      0x758 build/obj/chdynamic.o
 .debug_info    0x000034ae      0x514 build/obj/chregistry.o
 .debug_info    0x000039c2      0x9df build/obj/chsem.o
 .debug_info    0x000043a1      0x970 build/obj/chmtx.o
 .debug_info    0x00004d11      0x884 build/obj/chcond.o
 .debug_info    0x00005595      0xc31 build/obj/chevents.o
 .debug_info    0x000061c6      0x62b build/obj/chmsg.o
 .debug_info    0x000067f1      0x876 build/obj/chmboxes.o
 .debug_info    0x00007067      0xb37 build/obj/chqueues.o
 .debug_info    0x00007b9e      0x21f build/obj/chmemcore.o
 .debug_info    0x00007dbd      0x634 build/obj/chheap.o
 .debug_info    0x000083f1      0x325 build/obj/chmempools.o
 .debug_info    0x00008716      0xfda build/obj/test.o
 .debug_info    0x000096f0      0x7d6 build/obj/testthd.o
 .debug_info    0x00009ec6      0x97b build/obj/testsem.o
 .debug_info    0x0000a841      0xc81 build/obj/testmtx.o
 .debug_info    0x0000b4c2      0x59f build/obj/testmsg.o
 .debug_info    0x0000ba61      0xae0 build/obj/testmbox.o
 .debug_info    0x0000c541      0x8f0 build/obj/testevt.o
 .debug_info    0x0000ce31      0x66f build/obj/testheap.o
 .debug_info    0x0000d4a0      0x24f build/obj/testpools.o
 .debug_info    0x0000d6ef      0x909 build/obj/testdyn.o
 .debug_info    0x0000dff8      0xed7 build/obj/testqueues.o
 .debug_info    0x0000eecf      0xdc4 build/obj/testbmk.o
 .debug_info    0x0000fc93      0x1f0 build/obj/hal.o
 .debug_info    0x0000fe83      0xd39 build/obj/adc.o
 .debug_info    0x00010bbc       0x9f build/obj/can.o
 .debug_info    0x00010c5b       0x9f build/obj/ext.o
 .debug_info    0x00010cfa       0x9f build/obj/gpt.o
 .debug_info    0x00010d99       0x9f build/obj/i2c.o
 .debug_info    0x00010e38       0x9f build/obj/icu.o
 .debug_info    0x00010ed7       0x9f build/obj/mac.o
 .debug_info    0x00010f76      0x2b4 build/obj/pal.o
 .debug_info    0x0001122a      0x69d build/obj/pwm.o
 .debug_info    0x000118c7       0x9f build/obj/sdc.o
 .debug_info    0x00011966      0xdb4 build/obj/serial.o
 .debug_info    0x0001271a      0xedf build/obj/spi.o
 .debug_info    0x000135f9       0x9f build/obj/uart.o
 .debug_info    0x00013698       0x9f build/obj/usb.o
 .debug_info    0x00013737       0x9f build/obj/tm.o
 .debug_info    0x000137d6       0x9f build/obj/mmc_spi.o
 .debug_info    0x00013875       0x9f build/obj/serial_usb.o
 .debug_info    0x00013914       0x9f build/obj/rtc.o
 .debug_info    0x000139b3      0xa34 build/obj/stm32_dma.o
 .debug_info    0x000143e7      0x46e build/obj/hal_lld.o
 .debug_info    0x00014855     0x115f build/obj/adc_lld.o
 .debug_info    0x000159b4       0x9f build/obj/ext_lld.o
 .debug_info    0x00015a53       0x9f build/obj/gpt_lld.o
 .debug_info    0x00015af2       0x9f build/obj/i2c_lld.o
 .debug_info    0x00015b91       0x9f build/obj/icu_lld.o
 .debug_info    0x00015c30      0xa1d build/obj/pwm_lld.o
 .debug_info    0x0001664d     0x1185 build/obj/serial_lld.o
 .debug_info    0x000177d2      0xdf2 build/obj/spi_lld.o
 .debug_info    0x000185c4       0x9f build/obj/uart_lld.o
 .debug_info    0x00018663      0x754 build/obj/pal_lld.o
 .debug_info    0x00018db7      0x1f9 build/obj/board.o
 .debug_info    0x00018fb0      0x8ec build/obj/lis302dl.o
 .debug_info    0x0001989c      0x3fc build/obj/chprintf.o
 .debug_info    0x00019c98      0xcb5 build/obj/shell.o
 .debug_info    0x0001a94d      0xd86 build/obj/main.o

.debug_line     0x00000000     0x9c54
 .debug_line    0x00000000      0x15a build/obj/crt0.o
 .debug_line    0x0000015a       0x6f build/obj/vectors.o
 .debug_line    0x000001c9       0x63 build/obj/chcore.o
 .debug_line    0x0000022c      0x22d build/obj/chcore_v7m.o
 .debug_line    0x00000459      0x11e build/obj/nvic.o
 .debug_line    0x00000577      0x1ca build/obj/chsys.o
 .debug_line    0x00000741       0x1d build/obj/chdebug.o
 .debug_line    0x0000075e       0x1d build/obj/chlists.o
 .debug_line    0x0000077b      0x19a build/obj/chvt.o
 .debug_line    0x00000915      0x2e8 build/obj/chschd.o
 .debug_line    0x00000bfd      0x372 build/obj/chthreads.o
 .debug_line    0x00000f6f      0x25c build/obj/chdynamic.o
 .debug_line    0x000011cb      0x198 build/obj/chregistry.o
 .debug_line    0x00001363      0x39a build/obj/chsem.o
 .debug_line    0x000016fd      0x36a build/obj/chmtx.o
 .debug_line    0x00001a67      0x2a4 build/obj/chcond.o
 .debug_line    0x00001d0b      0x324 build/obj/chevents.o
 .debug_line    0x0000202f      0x1e9 build/obj/chmsg.o
 .debug_line    0x00002218      0x299 build/obj/chmboxes.o
 .debug_line    0x000024b1      0x393 build/obj/chqueues.o
 .debug_line    0x00002844      0x177 build/obj/chmemcore.o
 .debug_line    0x000029bb      0x2b3 build/obj/chheap.o
 .debug_line    0x00002c6e      0x1e3 build/obj/chmempools.o
 .debug_line    0x00002e51      0x4e0 build/obj/test.o
 .debug_line    0x00003331      0x213 build/obj/testthd.o
 .debug_line    0x00003544      0x302 build/obj/testsem.o
 .debug_line    0x00003846      0x4ae build/obj/testmtx.o
 .debug_line    0x00003cf4      0x19d build/obj/testmsg.o
 .debug_line    0x00003e91      0x2a2 build/obj/testmbox.o
 .debug_line    0x00004133      0x2ad build/obj/testevt.o
 .debug_line    0x000043e0      0x23f build/obj/testheap.o
 .debug_line    0x0000461f      0x12e build/obj/testpools.o
 .debug_line    0x0000474d      0x326 build/obj/testdyn.o
 .debug_line    0x00004a73      0x490 build/obj/testqueues.o
 .debug_line    0x00004f03      0x5e8 build/obj/testbmk.o
 .debug_line    0x000054eb      0x15f build/obj/hal.o
 .debug_line    0x0000564a      0x3be build/obj/adc.o
 .debug_line    0x00005a08       0xd8 build/obj/can.o
 .debug_line    0x00005ae0       0xd8 build/obj/ext.o
 .debug_line    0x00005bb8       0xd8 build/obj/gpt.o
 .debug_line    0x00005c90       0xd8 build/obj/i2c.o
 .debug_line    0x00005d68       0xd8 build/obj/icu.o
 .debug_line    0x00005e40       0xd8 build/obj/mac.o
 .debug_line    0x00005f18      0x1ac build/obj/pal.o
 .debug_line    0x000060c4      0x208 build/obj/pwm.o
 .debug_line    0x000062cc       0xd8 build/obj/sdc.o
 .debug_line    0x000063a4      0x401 build/obj/serial.o
 .debug_line    0x000067a5      0x44a build/obj/spi.o
 .debug_line    0x00006bef       0xd8 build/obj/uart.o
 .debug_line    0x00006cc7       0xd8 build/obj/usb.o
 .debug_line    0x00006d9f       0xd8 build/obj/tm.o
 .debug_line    0x00006e77       0xd8 build/obj/mmc_spi.o
 .debug_line    0x00006f4f       0xd8 build/obj/serial_usb.o
 .debug_line    0x00007027       0xd8 build/obj/rtc.o
 .debug_line    0x000070ff      0x3ae build/obj/stm32_dma.o
 .debug_line    0x000074ad      0x1e5 build/obj/hal_lld.o
 .debug_line    0x00007692      0x4f2 build/obj/adc_lld.o
 .debug_line    0x00007b84       0xd8 build/obj/ext_lld.o
 .debug_line    0x00007c5c       0xd8 build/obj/gpt_lld.o
 .debug_line    0x00007d34       0xd8 build/obj/i2c_lld.o
 .debug_line    0x00007e0c       0xd8 build/obj/icu_lld.o
 .debug_line    0x00007ee4      0x29f build/obj/pwm_lld.o
 .debug_line    0x00008183      0x459 build/obj/serial_lld.o
 .debug_line    0x000085dc      0x4b5 build/obj/spi_lld.o
 .debug_line    0x00008a91       0xd8 build/obj/uart_lld.o
 .debug_line    0x00008b69      0x212 build/obj/pal_lld.o
 .debug_line    0x00008d7b      0x145 build/obj/board.o
 .debug_line    0x00008ec0      0x2d2 build/obj/lis302dl.o
 .debug_line    0x00009192      0x330 build/obj/chprintf.o
 .debug_line    0x000094c2      0x3b5 build/obj/shell.o
 .debug_line    0x00009877      0x3dd build/obj/main.o

.debug_loc      0x00000000     0x9da6
 .debug_loc     0x00000000       0x72 build/obj/crt0.o
 .debug_loc     0x00000072       0xfb build/obj/chcore_v7m.o
 .debug_loc     0x0000016d      0x102 build/obj/nvic.o
 .debug_loc     0x0000026f       0xbc build/obj/chsys.o
 .debug_loc     0x0000032b       0xf0 build/obj/chvt.o
 .debug_loc     0x0000041b      0x2ca build/obj/chschd.o
 .debug_loc     0x000006e5      0x49c build/obj/chthreads.o
 .debug_loc     0x00000b81      0x2b5 build/obj/chdynamic.o
 .debug_loc     0x00000e36       0xbf build/obj/chregistry.o
 .debug_loc     0x00000ef5      0x59f build/obj/chsem.o
 .debug_loc     0x00001494      0x50f build/obj/chmtx.o
 .debug_loc     0x000019a3      0x47c build/obj/chcond.o
 .debug_loc     0x00001e1f      0x887 build/obj/chevents.o
 .debug_loc     0x000026a6      0x1da build/obj/chmsg.o
 .debug_loc     0x00002880      0x532 build/obj/chmboxes.o
 .debug_loc     0x00002db2      0x70e build/obj/chqueues.o
 .debug_loc     0x000034c0       0xb1 build/obj/chmemcore.o
 .debug_loc     0x00003571      0x277 build/obj/chheap.o
 .debug_loc     0x000037e8      0x165 build/obj/chmempools.o
 .debug_loc     0x0000394d      0x5d4 build/obj/test.o
 .debug_loc     0x00003f21      0x1e8 build/obj/testthd.o
 .debug_loc     0x00004109      0x364 build/obj/testsem.o
 .debug_loc     0x0000446d      0x677 build/obj/testmtx.o
 .debug_loc     0x00004ae4       0xe0 build/obj/testmsg.o
 .debug_loc     0x00004bc4      0x5d7 build/obj/testmbox.o
 .debug_loc     0x0000519b      0x249 build/obj/testevt.o
 .debug_loc     0x000053e4      0x1ad build/obj/testheap.o
 .debug_loc     0x00005591       0xcb build/obj/testpools.o
 .debug_loc     0x0000565c      0x223 build/obj/testdyn.o
 .debug_loc     0x0000587f      0x895 build/obj/testqueues.o
 .debug_loc     0x00006114      0x63e build/obj/testbmk.o
 .debug_loc     0x00006752       0x20 build/obj/hal.o
 .debug_loc     0x00006772      0x3eb build/obj/adc.o
 .debug_loc     0x00006b5d       0x8a build/obj/pal.o
 .debug_loc     0x00006be7      0x21e build/obj/pwm.o
 .debug_loc     0x00006e05      0x319 build/obj/serial.o
 .debug_loc     0x0000711e      0x61d build/obj/spi.o
 .debug_loc     0x0000773b      0x67d build/obj/stm32_dma.o
 .debug_loc     0x00007db8       0x20 build/obj/hal_lld.o
 .debug_loc     0x00007dd8      0x38f build/obj/adc_lld.o
 .debug_loc     0x00008167      0x241 build/obj/pwm_lld.o
 .debug_loc     0x000083a8      0x41f build/obj/serial_lld.o
 .debug_loc     0x000087c7      0x259 build/obj/spi_lld.o
 .debug_loc     0x00008a20      0x1ac build/obj/pal_lld.o
 .debug_loc     0x00008bcc       0xb5 build/obj/lis302dl.o
 .debug_loc     0x00008c81      0x779 build/obj/chprintf.o
 .debug_loc     0x000093fa      0x6da build/obj/shell.o
 .debug_loc     0x00009ad4      0x2d2 build/obj/main.o

.debug_pubnames
                0x00000000     0x18f0
 .debug_pubnames
                0x00000000       0x56 build/obj/crt0.o
 .debug_pubnames
                0x00000056       0x38 build/obj/vectors.o
 .debug_pubnames
                0x0000008e       0x20 build/obj/chcore.o
 .debug_pubnames
                0x000000ae       0x9d build/obj/chcore_v7m.o
 .debug_pubnames
                0x0000014b       0x5e build/obj/nvic.o
 .debug_pubnames
                0x000001a9       0x5c build/obj/chsys.o
 .debug_pubnames
                0x00000205       0x59 build/obj/chvt.o
 .debug_pubnames
                0x0000025e       0xa7 build/obj/chschd.o
 .debug_pubnames
                0x00000305       0xdf build/obj/chthreads.o
 .debug_pubnames
                0x000003e4       0x69 build/obj/chdynamic.o
 .debug_pubnames
                0x0000044d       0x3b build/obj/chregistry.o
 .debug_pubnames
                0x00000488       0xd1 build/obj/chsem.o
 .debug_pubnames
                0x00000559       0x94 build/obj/chmtx.o
 .debug_pubnames
                0x000005ed       0xb9 build/obj/chcond.o
 .debug_pubnames
                0x000006a6      0x14b build/obj/chevents.o
 .debug_pubnames
                0x000007f1       0x3f build/obj/chmsg.o
 .debug_pubnames
                0x00000830       0xba build/obj/chmboxes.o
 .debug_pubnames
                0x000008ea       0xb3 build/obj/chqueues.o
 .debug_pubnames
                0x0000099d       0x53 build/obj/chmemcore.o
 .debug_pubnames
                0x000009f0       0x60 build/obj/chheap.o
 .debug_pubnames
                0x00000a50       0x61 build/obj/chmempools.o
 .debug_pubnames
                0x00000ab1      0x158 build/obj/test.o
 .debug_pubnames
                0x00000c09       0x55 build/obj/testthd.o
 .debug_pubnames
                0x00000c5e       0x55 build/obj/testsem.o
 .debug_pubnames
                0x00000cb3       0x89 build/obj/testmtx.o
 .debug_pubnames
                0x00000d3c       0x2e build/obj/testmsg.o
 .debug_pubnames
                0x00000d6a       0x30 build/obj/testmbox.o
 .debug_pubnames
                0x00000d9a       0x48 build/obj/testevt.o
 .debug_pubnames
                0x00000de2       0x30 build/obj/testheap.o
 .debug_pubnames
                0x00000e12       0x32 build/obj/testpools.o
 .debug_pubnames
                0x00000e44       0x48 build/obj/testdyn.o
 .debug_pubnames
                0x00000e8c       0x44 build/obj/testqueues.o
 .debug_pubnames
                0x00000ed0       0xda build/obj/testbmk.o
 .debug_pubnames
                0x00000faa       0x1e build/obj/hal.o
 .debug_pubnames
                0x00000fc8       0xd8 build/obj/adc.o
 .debug_pubnames
                0x000010a0       0x43 build/obj/pal.o
 .debug_pubnames
                0x000010e3       0x88 build/obj/pwm.o
 .debug_pubnames
                0x0000116b       0x6c build/obj/serial.o
 .debug_pubnames
                0x000011d7      0x111 build/obj/spi.o
 .debug_pubnames
                0x000012e8      0x138 build/obj/stm32_dma.o
 .debug_pubnames
                0x00001420       0x38 build/obj/hal_lld.o
 .debug_pubnames
                0x00001458      0x110 build/obj/adc_lld.o
 .debug_pubnames
                0x00001568       0x94 build/obj/pwm_lld.o
 .debug_pubnames
                0x000015fc       0x98 build/obj/serial_lld.o
 .debug_pubnames
                0x00001694       0xeb build/obj/spi_lld.o
 .debug_pubnames
                0x0000177f       0x3e build/obj/pal_lld.o
 .debug_pubnames
                0x000017bd       0x48 build/obj/board.o
 .debug_pubnames
                0x00001805       0x45 build/obj/lis302dl.o
 .debug_pubnames
                0x0000184a       0x1f build/obj/chprintf.o
 .debug_pubnames
                0x00001869       0x6c build/obj/shell.o
 .debug_pubnames
                0x000018d5       0x1b build/obj/main.o

.debug_pubtypes
                0x00000000     0x4108
 .debug_pubtypes
                0x00000000       0x44 build/obj/crt0.o
 .debug_pubtypes
                0x00000044       0x12 build/obj/vectors.o
 .debug_pubtypes
                0x00000056       0x12 build/obj/chcore.o
 .debug_pubtypes
                0x00000068      0x12e build/obj/chcore_v7m.o
 .debug_pubtypes
                0x00000196       0x38 build/obj/nvic.o
 .debug_pubtypes
                0x000001ce      0x179 build/obj/chsys.o
 .debug_pubtypes
                0x00000347       0x12 build/obj/chdebug.o
 .debug_pubtypes
                0x00000359       0x12 build/obj/chlists.o
 .debug_pubtypes
                0x0000036b       0x7e build/obj/chvt.o
 .debug_pubtypes
                0x000003e9      0x162 build/obj/chschd.o
 .debug_pubtypes
                0x0000054b      0x168 build/obj/chthreads.o
 .debug_pubtypes
                0x000006b3      0x191 build/obj/chdynamic.o
 .debug_pubtypes
                0x00000844      0x117 build/obj/chregistry.o
 .debug_pubtypes
                0x0000095b      0x133 build/obj/chsem.o
 .debug_pubtypes
                0x00000a8e      0x122 build/obj/chmtx.o
 .debug_pubtypes
                0x00000bb0      0x12f build/obj/chcond.o
 .debug_pubtypes
                0x00000cdf      0x179 build/obj/chevents.o
 .debug_pubtypes
                0x00000e58      0x117 build/obj/chmsg.o
 .debug_pubtypes
                0x00000f6f      0x131 build/obj/chmboxes.o
 .debug_pubtypes
                0x000010a0      0x17c build/obj/chqueues.o
 .debug_pubtypes
                0x0000121c       0x36 build/obj/chmemcore.o
 .debug_pubtypes
                0x00001252      0x166 build/obj/chheap.o
 .debug_pubtypes
                0x000013b8       0x5a build/obj/chmempools.o
 .debug_pubtypes
                0x00001412      0x1c4 build/obj/test.o
 .debug_pubtypes
                0x000015d6      0x15e build/obj/testthd.o
 .debug_pubtypes
                0x00001734      0x18e build/obj/testsem.o
 .debug_pubtypes
                0x000018c2      0x181 build/obj/testmtx.o
 .debug_pubtypes
                0x00001a43      0x124 build/obj/testmsg.o
 .debug_pubtypes
                0x00001b67      0x16b build/obj/testmbox.o
 .debug_pubtypes
                0x00001cd2      0x1c0 build/obj/testevt.o
 .debug_pubtypes
                0x00001e92      0x184 build/obj/testheap.o
 .debug_pubtypes
                0x00002016       0x5a build/obj/testpools.o
 .debug_pubtypes
                0x00002070      0x1c6 build/obj/testdyn.o
 .debug_pubtypes
                0x00002236      0x1b6 build/obj/testqueues.o
 .debug_pubtypes
                0x000023ec      0x1c4 build/obj/testbmk.o
 .debug_pubtypes
                0x000025b0       0x50 build/obj/hal.o
 .debug_pubtypes
                0x00002600      0x227 build/obj/adc.o
 .debug_pubtypes
                0x00002827       0x1e build/obj/can.o
 .debug_pubtypes
                0x00002845       0x1e build/obj/ext.o
 .debug_pubtypes
                0x00002863       0x1e build/obj/gpt.o
 .debug_pubtypes
                0x00002881       0x1e build/obj/i2c.o
 .debug_pubtypes
                0x0000289f       0x1e build/obj/icu.o
 .debug_pubtypes
                0x000028bd       0x1e build/obj/mac.o
 .debug_pubtypes
                0x000028db       0x91 build/obj/pal.o
 .debug_pubtypes
                0x0000296c       0xe0 build/obj/pwm.o
 .debug_pubtypes
                0x00002a4c       0x1e build/obj/sdc.o
 .debug_pubtypes
                0x00002a6a      0x277 build/obj/serial.o
 .debug_pubtypes
                0x00002ce1      0x1d8 build/obj/spi.o
 .debug_pubtypes
                0x00002eb9       0x1e build/obj/uart.o
 .debug_pubtypes
                0x00002ed7       0x1e build/obj/usb.o
 .debug_pubtypes
                0x00002ef5       0x1e build/obj/tm.o
 .debug_pubtypes
                0x00002f13       0x1e build/obj/mmc_spi.o
 .debug_pubtypes
                0x00002f31       0x1e build/obj/serial_usb.o
 .debug_pubtypes
                0x00002f4f       0x1e build/obj/rtc.o
 .debug_pubtypes
                0x00002f6d       0xc0 build/obj/stm32_dma.o
 .debug_pubtypes
                0x0000302d       0x87 build/obj/hal_lld.o
 .debug_pubtypes
                0x000030b4      0x252 build/obj/adc_lld.o
 .debug_pubtypes
                0x00003306       0x1e build/obj/ext_lld.o
 .debug_pubtypes
                0x00003324       0x1e build/obj/gpt_lld.o
 .debug_pubtypes
                0x00003342       0x1e build/obj/i2c_lld.o
 .debug_pubtypes
                0x00003360       0x1e build/obj/icu_lld.o
 .debug_pubtypes
                0x0000337e       0xf9 build/obj/pwm_lld.o
 .debug_pubtypes
                0x00003477      0x255 build/obj/serial_lld.o
 .debug_pubtypes
                0x000036cc      0x1ff build/obj/spi_lld.o
 .debug_pubtypes
                0x000038cb       0x1e build/obj/uart_lld.o
 .debug_pubtypes
                0x000038e9       0xab build/obj/pal_lld.o
 .debug_pubtypes
                0x00003994       0x50 build/obj/board.o
 .debug_pubtypes
                0x000039e4      0x1b5 build/obj/lis302dl.o
 .debug_pubtypes
                0x00003b99       0xb5 build/obj/chprintf.o
 .debug_pubtypes
                0x00003c4e      0x1fe build/obj/shell.o
 .debug_pubtypes
                0x00003e4c      0x2bc build/obj/main.o

.debug_aranges  0x00000000     0x10e8
 .debug_aranges
                0x00000000       0x38 build/obj/crt0.o
 .debug_aranges
                0x00000038       0x20 build/obj/vectors.o
 .debug_aranges
                0x00000058       0x20 build/obj/chcore.o
 .debug_aranges
                0x00000078       0x50 build/obj/chcore_v7m.o
 .debug_aranges
                0x000000c8       0x30 build/obj/nvic.o
 .debug_aranges
                0x000000f8       0x30 build/obj/chsys.o
 .debug_aranges
                0x00000128       0x38 build/obj/chvt.o
 .debug_aranges
                0x00000160       0x58 build/obj/chschd.o
 .debug_aranges
                0x000001b8       0x78 build/obj/chthreads.o
 .debug_aranges
                0x00000230       0x38 build/obj/chdynamic.o
 .debug_aranges
                0x00000268       0x28 build/obj/chregistry.o
 .debug_aranges
                0x00000290       0x70 build/obj/chsem.o
 .debug_aranges
                0x00000300       0x58 build/obj/chmtx.o
 .debug_aranges
                0x00000358       0x60 build/obj/chcond.o
 .debug_aranges
                0x000003b8       0x90 build/obj/chevents.o
 .debug_aranges
                0x00000448       0x30 build/obj/chmsg.o
 .debug_aranges
                0x00000478       0x70 build/obj/chmboxes.o
 .debug_aranges
                0x000004e8       0x70 build/obj/chqueues.o
 .debug_aranges
                0x00000558       0x38 build/obj/chmemcore.o
 .debug_aranges
                0x00000590       0x40 build/obj/chheap.o
 .debug_aranges
                0x000005d0       0x40 build/obj/chmempools.o
 .debug_aranges
                0x00000610       0x98 build/obj/test.o
 .debug_aranges
                0x000006a8       0x40 build/obj/testthd.o
 .debug_aranges
                0x000006e8       0x70 build/obj/testsem.o
 .debug_aranges
                0x00000758      0x108 build/obj/testmtx.o
 .debug_aranges
                0x00000860       0x28 build/obj/testmsg.o
 .debug_aranges
                0x00000888       0x28 build/obj/testmbox.o
 .debug_aranges
                0x000008b0       0x70 build/obj/testevt.o
 .debug_aranges
                0x00000920       0x28 build/obj/testheap.o
 .debug_aranges
                0x00000948       0x30 build/obj/testpools.o
 .debug_aranges
                0x00000978       0x58 build/obj/testdyn.o
 .debug_aranges
                0x000009d0       0x50 build/obj/testqueues.o
 .debug_aranges
                0x00000a20       0xd0 build/obj/testbmk.o
 .debug_aranges
                0x00000af0       0x20 build/obj/hal.o
 .debug_aranges
                0x00000b10       0x70 build/obj/adc.o
 .debug_aranges
                0x00000b80       0x30 build/obj/pal.o
 .debug_aranges
                0x00000bb0       0x50 build/obj/pwm.o
 .debug_aranges
                0x00000c00       0x90 build/obj/serial.o
 .debug_aranges
                0x00000c90       0x98 build/obj/spi.o
 .debug_aranges
                0x00000d28       0xb0 build/obj/stm32_dma.o
 .debug_aranges
                0x00000dd8       0x28 build/obj/hal_lld.o
 .debug_aranges
                0x00000e00       0x70 build/obj/adc_lld.o
 .debug_aranges
                0x00000e70       0x48 build/obj/pwm_lld.o
 .debug_aranges
                0x00000eb8       0x78 build/obj/serial_lld.o
 .debug_aranges
                0x00000f30       0x78 build/obj/spi_lld.o
 .debug_aranges
                0x00000fa8       0x28 build/obj/pal_lld.o
 .debug_aranges
                0x00000fd0       0x28 build/obj/board.o
 .debug_aranges
                0x00000ff8       0x28 build/obj/lis302dl.o
 .debug_aranges
                0x00001020       0x28 build/obj/chprintf.o
 .debug_aranges
                0x00001048       0x68 build/obj/shell.o
 .debug_aranges
                0x000010b0       0x38 build/obj/main.o

.debug_ranges   0x00000000     0x1a78
 .debug_ranges  0x00000000       0x58 build/obj/crt0.o
 .debug_ranges  0x00000058       0x10 build/obj/vectors.o
 .debug_ranges  0x00000068       0x10 build/obj/chcore.o
 .debug_ranges  0x00000078       0x58 build/obj/chcore_v7m.o
 .debug_ranges  0x000000d0       0x20 build/obj/nvic.o
 .debug_ranges  0x000000f0       0x20 build/obj/chsys.o
 .debug_ranges  0x00000110       0x28 build/obj/chvt.o
 .debug_ranges  0x00000138      0x150 build/obj/chschd.o
 .debug_ranges  0x00000288       0x98 build/obj/chthreads.o
 .debug_ranges  0x00000320       0x28 build/obj/chdynamic.o
 .debug_ranges  0x00000348       0x30 build/obj/chregistry.o
 .debug_ranges  0x00000378      0x1d8 build/obj/chsem.o
 .debug_ranges  0x00000550      0x268 build/obj/chmtx.o
 .debug_ranges  0x000007b8       0xf0 build/obj/chcond.o
 .debug_ranges  0x000008a8       0xb0 build/obj/chevents.o
 .debug_ranges  0x00000958       0xa0 build/obj/chmsg.o
 .debug_ranges  0x000009f8       0x78 build/obj/chmboxes.o
 .debug_ranges  0x00000a70       0x90 build/obj/chqueues.o
 .debug_ranges  0x00000b00       0x28 build/obj/chmemcore.o
 .debug_ranges  0x00000b28       0x30 build/obj/chheap.o
 .debug_ranges  0x00000b58       0xc0 build/obj/chmempools.o
 .debug_ranges  0x00000c18       0xe8 build/obj/test.o
 .debug_ranges  0x00000d00       0x60 build/obj/testthd.o
 .debug_ranges  0x00000d60       0x90 build/obj/testsem.o
 .debug_ranges  0x00000df0      0x110 build/obj/testmtx.o
 .debug_ranges  0x00000f00       0x18 build/obj/testmsg.o
 .debug_ranges  0x00000f18       0xc0 build/obj/testmbox.o
 .debug_ranges  0x00000fd8       0x60 build/obj/testevt.o
 .debug_ranges  0x00001038       0x18 build/obj/testheap.o
 .debug_ranges  0x00001050       0x20 build/obj/testpools.o
 .debug_ranges  0x00001070       0x48 build/obj/testdyn.o
 .debug_ranges  0x000010b8       0xf0 build/obj/testqueues.o
 .debug_ranges  0x000011a8       0xd8 build/obj/testbmk.o
 .debug_ranges  0x00001280       0x10 build/obj/hal.o
 .debug_ranges  0x00001290       0xd8 build/obj/adc.o
 .debug_ranges  0x00001368       0x20 build/obj/pal.o
 .debug_ranges  0x00001388       0x70 build/obj/pwm.o
 .debug_ranges  0x000013f8       0xb0 build/obj/serial.o
 .debug_ranges  0x000014a8      0x100 build/obj/spi.o
 .debug_ranges  0x000015a8       0xa0 build/obj/stm32_dma.o
 .debug_ranges  0x00001648       0x30 build/obj/hal_lld.o
 .debug_ranges  0x00001678       0x60 build/obj/adc_lld.o
 .debug_ranges  0x000016d8       0x68 build/obj/pwm_lld.o
 .debug_ranges  0x00001740       0xb0 build/obj/serial_lld.o
 .debug_ranges  0x000017f0       0x68 build/obj/spi_lld.o
 .debug_ranges  0x00001858      0x108 build/obj/pal_lld.o
 .debug_ranges  0x00001960       0x18 build/obj/board.o
 .debug_ranges  0x00001978       0x18 build/obj/lis302dl.o
 .debug_ranges  0x00001990       0x18 build/obj/chprintf.o
 .debug_ranges  0x000019a8       0xa8 build/obj/shell.o
 .debug_ranges  0x00001a50       0x28 build/obj/main.o

.debug_str      0x00000000     0x38e1
 .debug_str     0x00000000      0x1dd build/obj/crt0.o
                                0x217 (size before relaxing)
 .debug_str     0x000001dd       0x5c build/obj/vectors.o
                                0x116 (size before relaxing)
 .debug_str     0x00000239       0x3d build/obj/chcore.o
                                 0xf7 (size before relaxing)
 .debug_str     0x00000276      0x297 build/obj/chcore_v7m.o
                                0x37e (size before relaxing)
 .debug_str     0x0000050d       0xcb build/obj/nvic.o
                                0x1ee (size before relaxing)
 .debug_str     0x000005d8       0xdb build/obj/chsys.o
                                0x348 (size before relaxing)
 .debug_str     0x000006b3       0x2e build/obj/chdebug.o
                                 0xe8 (size before relaxing)
 .debug_str     0x000006e1       0x2e build/obj/chlists.o
                                 0xe8 (size before relaxing)
 .debug_str     0x0000070f       0x65 build/obj/chvt.o
                                0x19b (size before relaxing)
 .debug_str     0x00000774       0xce build/obj/chschd.o
                                0x37f (size before relaxing)
 .debug_str     0x00000842       0xfc build/obj/chthreads.o
                                0x3ce (size before relaxing)
 .debug_str     0x0000093e       0xfc build/obj/chdynamic.o
                                0x35f (size before relaxing)
 .debug_str     0x00000a3a       0x52 build/obj/chregistry.o
                                0x2b7 (size before relaxing)
 .debug_str     0x00000a8c       0xd8 build/obj/chsem.o
                                0x366 (size before relaxing)
 .debug_str     0x00000b64       0x9a build/obj/chmtx.o
                                0x322 (size before relaxing)
 .debug_str     0x00000bfe       0xc0 build/obj/chcond.o
                                0x342 (size before relaxing)
 .debug_str     0x00000cbe      0x189 build/obj/chevents.o
                                0x3f8 (size before relaxing)
 .debug_str     0x00000e47       0x4d build/obj/chmsg.o
                                0x2cb (size before relaxing)
 .debug_str     0x00000e94       0xf2 build/obj/chmboxes.o
                                0x32b (size before relaxing)
 .debug_str     0x00000f86      0x122 build/obj/chqueues.o
                                0x3b8 (size before relaxing)
 .debug_str     0x000010a8       0x8b build/obj/chmemcore.o
                                0x162 (size before relaxing)
 .debug_str     0x00001133       0x7a build/obj/chheap.o
                                0x30e (size before relaxing)
 .debug_str     0x000011ad       0x6c build/obj/chmempools.o
                                0x198 (size before relaxing)
 .debug_str     0x00001219      0x291 build/obj/test.o
                                0x5b1 (size before relaxing)
 .debug_str     0x000014aa       0x7d build/obj/testthd.o
                                0x381 (size before relaxing)
 .debug_str     0x00001527       0xe6 build/obj/testsem.o
                                0x3f6 (size before relaxing)
 .debug_str     0x0000160d      0x1a4 build/obj/testmtx.o
                                0x4c0 (size before relaxing)
 .debug_str     0x000017b1       0x3b build/obj/testmsg.o
                                0x2df (size before relaxing)
 .debug_str     0x000017ec       0x4f build/obj/testmbox.o
                                0x328 (size before relaxing)
 .debug_str     0x0000183b       0x8f build/obj/testevt.o
                                0x3f2 (size before relaxing)
 .debug_str     0x000018ca       0x54 build/obj/testheap.o
                                0x32c (size before relaxing)
 .debug_str     0x0000191e       0x5c build/obj/testpools.o
                                0x1a3 (size before relaxing)
 .debug_str     0x0000197a       0x96 build/obj/testdyn.o
                                0x41f (size before relaxing)
 .debug_str     0x00001a10       0x7c build/obj/testqueues.o
                                0x3d8 (size before relaxing)
 .debug_str     0x00001a8c      0x189 build/obj/testbmk.o
                                0x52c (size before relaxing)
 .debug_str     0x00001c15       0xc3 build/obj/hal.o
                                0x19b (size before relaxing)
 .debug_str     0x00001cd8      0x2c8 build/obj/adc.o
                                0x564 (size before relaxing)
 .debug_str     0x00001fa0       0x27 build/obj/can.o
                                 0xf6 (size before relaxing)
 .debug_str     0x00001fc7       0x27 build/obj/ext.o
                                 0xf6 (size before relaxing)
 .debug_str     0x00001fee       0x27 build/obj/gpt.o
                                 0xf6 (size before relaxing)
 .debug_str     0x00002015       0x27 build/obj/i2c.o
                                 0xf6 (size before relaxing)
 .debug_str     0x0000203c       0x27 build/obj/icu.o
                                 0xf6 (size before relaxing)
 .debug_str     0x00002063       0x27 build/obj/mac.o
                                 0xf6 (size before relaxing)
 .debug_str     0x0000208a       0xd5 build/obj/pal.o
                                0x1c0 (size before relaxing)
 .debug_str     0x0000215f      0x1d6 build/obj/pwm.o
                                0x2e2 (size before relaxing)
 .debug_str     0x00002335       0x27 build/obj/sdc.o
                                 0xf6 (size before relaxing)
 .debug_str     0x0000235c      0x1c9 build/obj/serial.o
                                0x502 (size before relaxing)
 .debug_str     0x00002525      0x1c1 build/obj/spi.o
                                0x558 (size before relaxing)
 .debug_str     0x000026e6       0x28 build/obj/uart.o
                                 0xf7 (size before relaxing)
 .debug_str     0x0000270e       0x27 build/obj/usb.o
                                 0xf6 (size before relaxing)
 .debug_str     0x00002735       0x26 build/obj/tm.o
                                 0xf5 (size before relaxing)
 .debug_str     0x0000275b       0x2b build/obj/mmc_spi.o
                                 0xfa (size before relaxing)
 .debug_str     0x00002786       0x2e build/obj/serial_usb.o
                                 0xfd (size before relaxing)
 .debug_str     0x000027b4       0x27 build/obj/rtc.o
                                 0xf6 (size before relaxing)
 .debug_str     0x000027db      0x73d build/obj/stm32_dma.o
                                0x8e5 (size before relaxing)
 .debug_str     0x00002f18       0xf3 build/obj/hal_lld.o
                                0x2d5 (size before relaxing)
 .debug_str     0x0000300b      0x138 build/obj/adc_lld.o
                                0xbb7 (size before relaxing)
 .debug_str     0x00003143       0x37 build/obj/ext_lld.o
                                0x106 (size before relaxing)
 .debug_str     0x0000317a       0x37 build/obj/gpt_lld.o
                                0x106 (size before relaxing)
 .debug_str     0x000031b1       0x37 build/obj/i2c_lld.o
                                0x106 (size before relaxing)
 .debug_str     0x000031e8       0x37 build/obj/icu_lld.o
                                0x106 (size before relaxing)
 .debug_str     0x0000321f       0xb7 build/obj/pwm_lld.o
                                0x916 (size before relaxing)
 .debug_str     0x000032d6       0xc6 build/obj/serial_lld.o
                                0xac7 (size before relaxing)
 .debug_str     0x0000339c      0x12c build/obj/spi_lld.o
                                0x641 (size before relaxing)
 .debug_str     0x000034c8       0x38 build/obj/uart_lld.o
                                0x107 (size before relaxing)
 .debug_str     0x00003500       0x7f build/obj/pal_lld.o
                                0x356 (size before relaxing)
 .debug_str     0x0000357f       0x12 build/obj/board.o
                                0x18b (size before relaxing)
 .debug_str     0x00003591       0x5d build/obj/lis302dl.o
                                0x479 (size before relaxing)
 .debug_str     0x000035ee       0x92 build/obj/chprintf.o
                                0x1e7 (size before relaxing)
 .debug_str     0x00003680      0x130 build/obj/shell.o
                                0x4b2 (size before relaxing)
 .debug_str     0x000037b0      0x131 build/obj/main.o
                                0x61a (size before relaxing)

.comment        0x00000000       0x2a
 .comment       0x00000000       0x2a build/obj/crt0.o
                                 0x2b (size before relaxing)
 .comment       0x00000000       0x2b build/obj/vectors.o
 .comment       0x00000000       0x2b build/obj/chcore.o
 .comment       0x00000000       0x2b build/obj/chcore_v7m.o
 .comment       0x00000000       0x2b build/obj/nvic.o
 .comment       0x00000000       0x2b build/obj/chsys.o
 .comment       0x00000000       0x2b build/obj/chdebug.o
 .comment       0x00000000       0x2b build/obj/chlists.o
 .comment       0x00000000       0x2b build/obj/chvt.o
 .comment       0x00000000       0x2b build/obj/chschd.o
 .comment       0x00000000       0x2b build/obj/chthreads.o
 .comment       0x00000000       0x2b build/obj/chdynamic.o
 .comment       0x00000000       0x2b build/obj/chregistry.o
 .comment       0x00000000       0x2b build/obj/chsem.o
 .comment       0x00000000       0x2b build/obj/chmtx.o
 .comment       0x00000000       0x2b build/obj/chcond.o
 .comment       0x00000000       0x2b build/obj/chevents.o
 .comment       0x00000000       0x2b build/obj/chmsg.o
 .comment       0x00000000       0x2b build/obj/chmboxes.o
 .comment       0x00000000       0x2b build/obj/chqueues.o
 .comment       0x00000000       0x2b build/obj/chmemcore.o
 .comment       0x00000000       0x2b build/obj/chheap.o
 .comment       0x00000000       0x2b build/obj/chmempools.o
 .comment       0x00000000       0x2b build/obj/test.o
 .comment       0x00000000       0x2b build/obj/testthd.o
 .comment       0x00000000       0x2b build/obj/testsem.o
 .comment       0x00000000       0x2b build/obj/testmtx.o
 .comment       0x00000000       0x2b build/obj/testmsg.o
 .comment       0x00000000       0x2b build/obj/testmbox.o
 .comment       0x00000000       0x2b build/obj/testevt.o
 .comment       0x00000000       0x2b build/obj/testheap.o
 .comment       0x00000000       0x2b build/obj/testpools.o
 .comment       0x00000000       0x2b build/obj/testdyn.o
 .comment       0x00000000       0x2b build/obj/testqueues.o
 .comment       0x00000000       0x2b build/obj/testbmk.o
 .comment       0x00000000       0x2b build/obj/hal.o
 .comment       0x00000000       0x2b build/obj/adc.o
 .comment       0x00000000       0x2b build/obj/can.o
 .comment       0x00000000       0x2b build/obj/ext.o
 .comment       0x00000000       0x2b build/obj/gpt.o
 .comment       0x00000000       0x2b build/obj/i2c.o
 .comment       0x00000000       0x2b build/obj/icu.o
 .comment       0x00000000       0x2b build/obj/mac.o
 .comment       0x00000000       0x2b build/obj/pal.o
 .comment       0x00000000       0x2b build/obj/pwm.o
 .comment       0x00000000       0x2b build/obj/sdc.o
 .comment       0x00000000       0x2b build/obj/serial.o
 .comment       0x00000000       0x2b build/obj/spi.o
 .comment       0x00000000       0x2b build/obj/uart.o
 .comment       0x00000000       0x2b build/obj/usb.o
 .comment       0x00000000       0x2b build/obj/tm.o
 .comment       0x00000000       0x2b build/obj/mmc_spi.o
 .comment       0x00000000       0x2b build/obj/serial_usb.o
 .comment       0x00000000       0x2b build/obj/rtc.o
 .comment       0x00000000       0x2b build/obj/stm32_dma.o
 .comment       0x00000000       0x2b build/obj/hal_lld.o
 .comment       0x00000000       0x2b build/obj/adc_lld.o
 .comment       0x00000000       0x2b build/obj/ext_lld.o
 .comment       0x00000000       0x2b build/obj/gpt_lld.o
 .comment       0x00000000       0x2b build/obj/i2c_lld.o
 .comment       0x00000000       0x2b build/obj/icu_lld.o
 .comment       0x00000000       0x2b build/obj/pwm_lld.o
 .comment       0x00000000       0x2b build/obj/serial_lld.o
 .comment       0x00000000       0x2b build/obj/spi_lld.o
 .comment       0x00000000       0x2b build/obj/uart_lld.o
 .comment       0x00000000       0x2b build/obj/pal_lld.o
 .comment       0x00000000       0x2b build/obj/board.o
 .comment       0x00000000       0x2b build/obj/lis302dl.o
 .comment       0x00000000       0x2b build/obj/chprintf.o
 .comment       0x00000000       0x2b build/obj/shell.o
 .comment       0x00000000       0x2b build/obj/main.o

.ARM.attributes
                0x00000000       0x39
 .ARM.attributes
                0x00000000       0x39 build/obj/crt0.o
 .ARM.attributes
                0x00000039       0x39 build/obj/vectors.o
 .ARM.attributes
                0x00000072       0x39 build/obj/chcore.o
 .ARM.attributes
                0x000000ab       0x39 build/obj/chcore_v7m.o
 .ARM.attributes
                0x000000e4       0x39 build/obj/nvic.o
 .ARM.attributes
                0x0000011d       0x39 build/obj/chsys.o
 .ARM.attributes
                0x00000156       0x39 build/obj/chdebug.o
 .ARM.attributes
                0x0000018f       0x39 build/obj/chlists.o
 .ARM.attributes
                0x000001c8       0x39 build/obj/chvt.o
 .ARM.attributes
                0x00000201       0x39 build/obj/chschd.o
 .ARM.attributes
                0x0000023a       0x39 build/obj/chthreads.o
 .ARM.attributes
                0x00000273       0x39 build/obj/chdynamic.o
 .ARM.attributes
                0x000002ac       0x39 build/obj/chregistry.o
 .ARM.attributes
                0x000002e5       0x39 build/obj/chsem.o
 .ARM.attributes
                0x0000031e       0x39 build/obj/chmtx.o
 .ARM.attributes
                0x00000357       0x39 build/obj/chcond.o
 .ARM.attributes
                0x00000390       0x39 build/obj/chevents.o
 .ARM.attributes
                0x000003c9       0x39 build/obj/chmsg.o
 .ARM.attributes
                0x00000402       0x39 build/obj/chmboxes.o
 .ARM.attributes
                0x0000043b       0x39 build/obj/chqueues.o
 .ARM.attributes
                0x00000474       0x39 build/obj/chmemcore.o
 .ARM.attributes
                0x000004ad       0x39 build/obj/chheap.o
 .ARM.attributes
                0x000004e6       0x39 build/obj/chmempools.o
 .ARM.attributes
                0x0000051f       0x39 build/obj/test.o
 .ARM.attributes
                0x00000558       0x39 build/obj/testthd.o
 .ARM.attributes
                0x00000591       0x39 build/obj/testsem.o
 .ARM.attributes
                0x000005ca       0x39 build/obj/testmtx.o
 .ARM.attributes
                0x00000603       0x39 build/obj/testmsg.o
 .ARM.attributes
                0x0000063c       0x39 build/obj/testmbox.o
 .ARM.attributes
                0x00000675       0x39 build/obj/testevt.o
 .ARM.attributes
                0x000006ae       0x39 build/obj/testheap.o
 .ARM.attributes
                0x000006e7       0x39 build/obj/testpools.o
 .ARM.attributes
                0x00000720       0x39 build/obj/testdyn.o
 .ARM.attributes
                0x00000759       0x39 build/obj/testqueues.o
 .ARM.attributes
                0x00000792       0x39 build/obj/testbmk.o
 .ARM.attributes
                0x000007cb       0x39 build/obj/hal.o
 .ARM.attributes
                0x00000804       0x39 build/obj/adc.o
 .ARM.attributes
                0x0000083d       0x39 build/obj/can.o
 .ARM.attributes
                0x00000876       0x39 build/obj/ext.o
 .ARM.attributes
                0x000008af       0x39 build/obj/gpt.o
 .ARM.attributes
                0x000008e8       0x39 build/obj/i2c.o
 .ARM.attributes
                0x00000921       0x39 build/obj/icu.o
 .ARM.attributes
                0x0000095a       0x39 build/obj/mac.o
 .ARM.attributes
                0x00000993       0x39 build/obj/pal.o
 .ARM.attributes
                0x000009cc       0x39 build/obj/pwm.o
 .ARM.attributes
                0x00000a05       0x39 build/obj/sdc.o
 .ARM.attributes
                0x00000a3e       0x39 build/obj/serial.o
 .ARM.attributes
                0x00000a77       0x39 build/obj/spi.o
 .ARM.attributes
                0x00000ab0       0x39 build/obj/uart.o
 .ARM.attributes
                0x00000ae9       0x39 build/obj/usb.o
 .ARM.attributes
                0x00000b22       0x39 build/obj/tm.o
 .ARM.attributes
                0x00000b5b       0x39 build/obj/mmc_spi.o
 .ARM.attributes
                0x00000b94       0x39 build/obj/serial_usb.o
 .ARM.attributes
                0x00000bcd       0x39 build/obj/rtc.o
 .ARM.attributes
                0x00000c06       0x39 build/obj/stm32_dma.o
 .ARM.attributes
                0x00000c3f       0x39 build/obj/hal_lld.o
 .ARM.attributes
                0x00000c78       0x39 build/obj/adc_lld.o
 .ARM.attributes
                0x00000cb1       0x39 build/obj/ext_lld.o
 .ARM.attributes
                0x00000cea       0x39 build/obj/gpt_lld.o
 .ARM.attributes
                0x00000d23       0x39 build/obj/i2c_lld.o
 .ARM.attributes
                0x00000d5c       0x39 build/obj/icu_lld.o
 .ARM.attributes
                0x00000d95       0x39 build/obj/pwm_lld.o
 .ARM.attributes
                0x00000dce       0x39 build/obj/serial_lld.o
 .ARM.attributes
                0x00000e07       0x39 build/obj/spi_lld.o
 .ARM.attributes
                0x00000e40       0x39 build/obj/uart_lld.o
 .ARM.attributes
                0x00000e79       0x39 build/obj/pal_lld.o
 .ARM.attributes
                0x00000eb2       0x39 build/obj/board.o
 .ARM.attributes
                0x00000eeb       0x39 build/obj/lis302dl.o
 .ARM.attributes
                0x00000f24       0x39 build/obj/chprintf.o
 .ARM.attributes
                0x00000f5d       0x39 build/obj/shell.o
 .ARM.attributes
                0x00000f96       0x39 build/obj/main.o
 .ARM.attributes
                0x00000fcf       0x29 /opt/stm32/arm-none-eabi-2011.03/bin/../lib/gcc/arm-none-eabi/4.5.2/../../../../arm-none-eabi/lib/thumb2/libc.a(lib_a-strcasecmp.o)
 .ARM.attributes
                0x00000ff8       0x29 /opt/stm32/arm-none-eabi-2011.03/bin/../lib/gcc/arm-none-eabi/4.5.2/../../../../arm-none-eabi/lib/thumb2/libc.a(lib_a-strchr.o)
 .ARM.attributes
                0x00001021       0x29 /opt/stm32/arm-none-eabi-2011.03/bin/../lib/gcc/arm-none-eabi/4.5.2/../../../../arm-none-eabi/lib/thumb2/libc.a(lib_a-strspn.o)
 .ARM.attributes
                0x0000104a       0x29 /opt/stm32/arm-none-eabi-2011.03/bin/../lib/gcc/arm-none-eabi/4.5.2/../../../../arm-none-eabi/lib/thumb2/libc.a(lib_a-ctype_.o)

.debug_frame    0x00000000     0x2c44
 .debug_frame   0x00000000       0x50 build/obj/crt0.o
 .debug_frame   0x00000050       0x20 build/obj/vectors.o
 .debug_frame   0x00000070       0x20 build/obj/chcore.o
 .debug_frame   0x00000090       0x98 build/obj/chcore_v7m.o
 .debug_frame   0x00000128       0x64 build/obj/nvic.o
 .debug_frame   0x0000018c       0x5c build/obj/chsys.o
 .debug_frame   0x000001e8       0x5c build/obj/chvt.o
 .debug_frame   0x00000244       0xc4 build/obj/chschd.o
 .debug_frame   0x00000308      0x158 build/obj/chthreads.o
 .debug_frame   0x00000460       0x7c build/obj/chdynamic.o
 .debug_frame   0x000004dc       0x3c build/obj/chregistry.o
 .debug_frame   0x00000518      0x140 build/obj/chsem.o
 .debug_frame   0x00000658       0xec build/obj/chmtx.o
 .debug_frame   0x00000744      0x114 build/obj/chcond.o
 .debug_frame   0x00000858      0x1b4 build/obj/chevents.o
 .debug_frame   0x00000a0c       0x68 build/obj/chmsg.o
 .debug_frame   0x00000a74      0x154 build/obj/chmboxes.o
 .debug_frame   0x00000bc8      0x170 build/obj/chqueues.o
 .debug_frame   0x00000d38       0x50 build/obj/chmemcore.o
 .debug_frame   0x00000d88       0x98 build/obj/chheap.o
 .debug_frame   0x00000e20       0x78 build/obj/chmempools.o
 .debug_frame   0x00000e98      0x1d8 build/obj/test.o
 .debug_frame   0x00001070       0xc4 build/obj/testthd.o
 .debug_frame   0x00001134      0x140 build/obj/testsem.o
 .debug_frame   0x00001274      0x39c build/obj/testmtx.o
 .debug_frame   0x00001610       0x48 build/obj/testmsg.o
 .debug_frame   0x00001658       0x48 build/obj/testmbox.o
 .debug_frame   0x000016a0      0x110 build/obj/testevt.o
 .debug_frame   0x000017b0       0x44 build/obj/testheap.o
 .debug_frame   0x000017f4       0x4c build/obj/testpools.o
 .debug_frame   0x00001840       0xdc build/obj/testdyn.o
 .debug_frame   0x0000191c       0xcc build/obj/testqueues.o
 .debug_frame   0x000019e8      0x2b4 build/obj/testbmk.o
 .debug_frame   0x00001c9c       0x2c build/obj/hal.o
 .debug_frame   0x00001cc8      0x118 build/obj/adc.o
 .debug_frame   0x00001de0       0x4c build/obj/pal.o
 .debug_frame   0x00001e2c       0xb0 build/obj/pwm.o
 .debug_frame   0x00001edc      0x148 build/obj/serial.o
 .debug_frame   0x00002024      0x1a8 build/obj/spi.o
 .debug_frame   0x000021cc      0x240 build/obj/stm32_dma.o
 .debug_frame   0x0000240c       0x3c build/obj/hal_lld.o
 .debug_frame   0x00002448      0x130 build/obj/adc_lld.o
 .debug_frame   0x00002578       0xb0 build/obj/pwm_lld.o
 .debug_frame   0x00002628      0x140 build/obj/serial_lld.o
 .debug_frame   0x00002768      0x13c build/obj/spi_lld.o
 .debug_frame   0x000028a4       0x64 build/obj/pal_lld.o
 .debug_frame   0x00002908       0x30 build/obj/board.o
 .debug_frame   0x00002938       0x58 build/obj/lis302dl.o
 .debug_frame   0x00002990       0x6c build/obj/chprintf.o
 .debug_frame   0x000029fc      0x140 build/obj/shell.o
 .debug_frame   0x00002b3c       0x84 build/obj/main.o
 .debug_frame   0x00002bc0       0x2c /opt/stm32/arm-none-eabi-2011.03/bin/../lib/gcc/arm-none-eabi/4.5.2/../../../../arm-none-eabi/lib/thumb2/libc.a(lib_a-strcasecmp.o)
 .debug_frame   0x00002bec       0x2c /opt/stm32/arm-none-eabi-2011.03/bin/../lib/gcc/arm-none-eabi/4.5.2/../../../../arm-none-eabi/lib/thumb2/libc.a(lib_a-strchr.o)
 .debug_frame   0x00002c18       0x2c /opt/stm32/arm-none-eabi-2011.03/bin/../lib/gcc/arm-none-eabi/4.5.2/../../../../arm-none-eabi/lib/thumb2/libc.a(lib_a-strspn.o)

Cross Reference Table

Symbol                                            File
ADCD1                                             build/obj/adc_lld.o
ADCD2                                             build/obj/adc_lld.o
ADCD3                                             build/obj/adc_lld.o
BusFaultVector                                    build/obj/vectors.o
DebugMonitorVector                                build/obj/vectors.o
HardFaultVector                                   build/obj/vectors.o
MemManageVector                                   build/obj/vectors.o
NMIVector                                         build/obj/vectors.o
PWMD4                                             build/obj/pwm_lld.o
PendSVVector                                      build/obj/vectors.o
ResetHandler                                      build/obj/crt0.o
                                                  build/obj/vectors.o
SD1                                               build/obj/serial_lld.o
SD2                                               build/obj/serial_lld.o
                                                  build/obj/main.o
SD3                                               build/obj/serial_lld.o
SD6                                               build/obj/serial_lld.o
SPID1                                             build/obj/spi_lld.o
SPID2                                             build/obj/spi_lld.o
SVCallVector                                      build/obj/chcore_v7m.o
                                                  build/obj/vectors.o
SysTickVector                                     build/obj/chcore_v7m.o
                                                  build/obj/vectors.o
TestThread                                        build/obj/test.o
UsageFaultVector                                  build/obj/vectors.o
Vector100                                         build/obj/vectors.o
Vector104                                         build/obj/vectors.o
Vector108                                         build/obj/vectors.o
Vector10C                                         build/obj/vectors.o
Vector110                                         build/obj/vectors.o
Vector114                                         build/obj/vectors.o
Vector118                                         build/obj/vectors.o
Vector11C                                         build/obj/vectors.o
Vector120                                         build/obj/stm32_dma.o
                                                  build/obj/vectors.o
Vector124                                         build/obj/stm32_dma.o
                                                  build/obj/vectors.o
Vector128                                         build/obj/stm32_dma.o
                                                  build/obj/vectors.o
Vector12C                                         build/obj/stm32_dma.o
                                                  build/obj/vectors.o
Vector130                                         build/obj/stm32_dma.o
                                                  build/obj/vectors.o
Vector134                                         build/obj/vectors.o
Vector138                                         build/obj/vectors.o
Vector13C                                         build/obj/vectors.o
Vector140                                         build/obj/vectors.o
Vector144                                         build/obj/vectors.o
Vector148                                         build/obj/vectors.o
Vector14C                                         build/obj/vectors.o
Vector150                                         build/obj/stm32_dma.o
                                                  build/obj/vectors.o
Vector154                                         build/obj/stm32_dma.o
                                                  build/obj/vectors.o
Vector158                                         build/obj/stm32_dma.o
                                                  build/obj/vectors.o
Vector15C                                         build/obj/serial_lld.o
                                                  build/obj/vectors.o
Vector160                                         build/obj/vectors.o
Vector164                                         build/obj/vectors.o
Vector168                                         build/obj/vectors.o
Vector16C                                         build/obj/vectors.o
Vector170                                         build/obj/vectors.o
Vector174                                         build/obj/vectors.o
Vector178                                         build/obj/vectors.o
Vector17C                                         build/obj/vectors.o
Vector180                                         build/obj/vectors.o
Vector184                                         build/obj/vectors.o
Vector1C                                          build/obj/vectors.o
Vector20                                          build/obj/vectors.o
Vector24                                          build/obj/vectors.o
Vector28                                          build/obj/vectors.o
Vector34                                          build/obj/vectors.o
Vector40                                          build/obj/vectors.o
Vector44                                          build/obj/vectors.o
Vector48                                          build/obj/vectors.o
Vector4C                                          build/obj/vectors.o
Vector50                                          build/obj/vectors.o
Vector54                                          build/obj/vectors.o
Vector58                                          build/obj/vectors.o
Vector5C                                          build/obj/vectors.o
Vector60                                          build/obj/vectors.o
Vector64                                          build/obj/vectors.o
Vector68                                          build/obj/vectors.o
Vector6C                                          build/obj/stm32_dma.o
                                                  build/obj/vectors.o
Vector70                                          build/obj/stm32_dma.o
                                                  build/obj/vectors.o
Vector74                                          build/obj/stm32_dma.o
                                                  build/obj/vectors.o
Vector78                                          build/obj/stm32_dma.o
                                                  build/obj/vectors.o
Vector7C                                          build/obj/stm32_dma.o
                                                  build/obj/vectors.o
Vector80                                          build/obj/stm32_dma.o
                                                  build/obj/vectors.o
Vector84                                          build/obj/stm32_dma.o
                                                  build/obj/vectors.o
Vector88                                          build/obj/adc_lld.o
                                                  build/obj/vectors.o
Vector8C                                          build/obj/vectors.o
Vector90                                          build/obj/vectors.o
Vector94                                          build/obj/vectors.o
Vector98                                          build/obj/vectors.o
Vector9C                                          build/obj/vectors.o
VectorA0                                          build/obj/vectors.o
VectorA4                                          build/obj/vectors.o
VectorA8                                          build/obj/vectors.o
VectorAC                                          build/obj/vectors.o
VectorB0                                          build/obj/vectors.o
VectorB4                                          build/obj/vectors.o
VectorB8                                          build/obj/pwm_lld.o
                                                  build/obj/vectors.o
VectorBC                                          build/obj/vectors.o
VectorC0                                          build/obj/vectors.o
VectorC4                                          build/obj/vectors.o
VectorC8                                          build/obj/vectors.o
VectorCC                                          build/obj/vectors.o
VectorD0                                          build/obj/vectors.o
VectorD4                                          build/obj/serial_lld.o
                                                  build/obj/vectors.o
VectorD8                                          build/obj/serial_lld.o
                                                  build/obj/vectors.o
VectorDC                                          build/obj/serial_lld.o
                                                  build/obj/vectors.o
VectorE0                                          build/obj/vectors.o
VectorE4                                          build/obj/vectors.o
VectorE8                                          build/obj/vectors.o
VectorEC                                          build/obj/vectors.o
VectorF0                                          build/obj/vectors.o
VectorF4                                          build/obj/vectors.o
VectorF8                                          build/obj/vectors.o
VectorFC                                          build/obj/stm32_dma.o
                                                  build/obj/vectors.o
__ctype_ptr__                                     /opt/stm32/arm-none-eabi-2011.03/bin/../lib/gcc/arm-none-eabi/4.5.2/../../../../arm-none-eabi/lib/thumb2/libc.a(lib_a-ctype_.o)
                                                  /opt/stm32/arm-none-eabi-2011.03/bin/../lib/gcc/arm-none-eabi/4.5.2/../../../../arm-none-eabi/lib/thumb2/libc.a(lib_a-strcasecmp.o)
__early_init                                      build/obj/board.o
                                                  build/obj/crt0.o
__fini_array_end                                  build/obj/crt0.o
__fini_array_start                                build/obj/crt0.o
__heap_base__                                     build/obj/chmemcore.o
__heap_end__                                      build/obj/chmemcore.o
__init_array_end                                  build/obj/crt0.o
__init_array_start                                build/obj/crt0.o
__late_init                                       build/obj/crt0.o
__main_stack_base__                               build/obj/crt0.o
__main_stack_end__                                build/obj/vectors.o
                                                  build/obj/crt0.o
__process_stack_base__                            build/obj/crt0.o
__process_stack_end__                             build/obj/crt0.o
_bss_end                                          build/obj/crt0.o